Archive member included to satisfy reference by file (symbol)

/usr/local/mcuxpressoide-10.2.1_795/ide/tools/bin/../lib/gcc/arm-none-eabi/7.2.1/../../../../arm-none-eabi/lib/thumb/v7e-m/fpv4-sp/hard/libcr_semihost_nf.a(_cr__main.o)
                              ./startup/startup_mk22f51212.o (__main)
/usr/local/mcuxpressoide-10.2.1_795/ide/tools/bin/../lib/gcc/arm-none-eabi/7.2.1/../../../../arm-none-eabi/lib/thumb/v7e-m/fpv4-sp/hard/libcr_semihost_nf.a(_cr_assert.o)
                              ./utilities/fsl_debug_console.o (__assertion_failed)
/usr/local/mcuxpressoide-10.2.1_795/ide/tools/bin/../lib/gcc/arm-none-eabi/7.2.1/../../../../arm-none-eabi/lib/thumb/v7e-m/fpv4-sp/hard/libcr_semihost_nf.a(__ciob.o)
                              /usr/local/mcuxpressoide-10.2.1_795/ide/tools/bin/../lib/gcc/arm-none-eabi/7.2.1/../../../../arm-none-eabi/lib/thumb/v7e-m/fpv4-sp/hard/libcr_semihost_nf.a(_cr_assert.o) (__Ciob)
/usr/local/mcuxpressoide-10.2.1_795/ide/tools/bin/../lib/gcc/arm-none-eabi/7.2.1/../../../../arm-none-eabi/lib/thumb/v7e-m/fpv4-sp/hard/libcr_semihost_nf.a(__sys_appexit.o)
                              /usr/local/mcuxpressoide-10.2.1_795/ide/tools/bin/../lib/gcc/arm-none-eabi/7.2.1/../../../../arm-none-eabi/lib/thumb/v7e-m/fpv4-sp/hard/libcr_semihost_nf.a(_cr_assert.o) (__sys_appexit)
/usr/local/mcuxpressoide-10.2.1_795/ide/tools/bin/../lib/gcc/arm-none-eabi/7.2.1/../../../../arm-none-eabi/lib/thumb/v7e-m/fpv4-sp/hard/libcr_c.a(memcpy.o)
                              ./drivers/fsl_ftfx_cache.o (memcpy)
/usr/local/mcuxpressoide-10.2.1_795/ide/tools/bin/../lib/gcc/arm-none-eabi/7.2.1/../../../../arm-none-eabi/lib/thumb/v7e-m/fpv4-sp/hard/libcr_c.a(memset.o)
                              ./sources/audio_speaker.o (memset)
/usr/local/mcuxpressoide-10.2.1_795/ide/tools/bin/../lib/gcc/arm-none-eabi/7.2.1/../../../../arm-none-eabi/lib/thumb/v7e-m/fpv4-sp/hard/libcr_c.a(_deferredlazyseek.o)
                              /usr/local/mcuxpressoide-10.2.1_795/ide/tools/bin/../lib/gcc/arm-none-eabi/7.2.1/../../../../arm-none-eabi/lib/thumb/v7e-m/fpv4-sp/hard/libcr_semihost_nf.a(_cr_assert.o) (__flsbuf)
/usr/local/mcuxpressoide-10.2.1_795/ide/tools/bin/../lib/gcc/arm-none-eabi/7.2.1/../../../../arm-none-eabi/lib/thumb/v7e-m/fpv4-sp/hard/libcr_c.a(_fflush.o)
                              /usr/local/mcuxpressoide-10.2.1_795/ide/tools/bin/../lib/gcc/arm-none-eabi/7.2.1/../../../../arm-none-eabi/lib/thumb/v7e-m/fpv4-sp/hard/libcr_c.a(_deferredlazyseek.o) (_fflush)
/usr/local/mcuxpressoide-10.2.1_795/ide/tools/bin/../lib/gcc/arm-none-eabi/7.2.1/../../../../arm-none-eabi/lib/thumb/v7e-m/fpv4-sp/hard/libcr_c.a(_writebuf.o)
                              /usr/local/mcuxpressoide-10.2.1_795/ide/tools/bin/../lib/gcc/arm-none-eabi/7.2.1/../../../../arm-none-eabi/lib/thumb/v7e-m/fpv4-sp/hard/libcr_c.a(_deferredlazyseek.o) (_Cwritebuf)
/usr/local/mcuxpressoide-10.2.1_795/ide/tools/bin/../lib/gcc/arm-none-eabi/7.2.1/../../../../arm-none-eabi/lib/thumb/v7e-m/fpv4-sp/hard/libcr_c.a(alloc.o)
                              ./osa/usb_osa_bm.o (malloc)
/usr/local/mcuxpressoide-10.2.1_795/ide/tools/bin/../lib/gcc/arm-none-eabi/7.2.1/../../../../arm-none-eabi/lib/thumb/v7e-m/fpv4-sp/hard/libcr_c.a(fputs.o)
                              /usr/local/mcuxpressoide-10.2.1_795/ide/tools/bin/../lib/gcc/arm-none-eabi/7.2.1/../../../../arm-none-eabi/lib/thumb/v7e-m/fpv4-sp/hard/libcr_semihost_nf.a(_cr_assert.o) (fputs)
/usr/local/mcuxpressoide-10.2.1_795/ide/tools/bin/../lib/gcc/arm-none-eabi/7.2.1/../../../../arm-none-eabi/lib/thumb/v7e-m/fpv4-sp/hard/libcr_c.a(fseek.o)
                              /usr/local/mcuxpressoide-10.2.1_795/ide/tools/bin/../lib/gcc/arm-none-eabi/7.2.1/../../../../arm-none-eabi/lib/thumb/v7e-m/fpv4-sp/hard/libcr_c.a(_deferredlazyseek.o) (fseek)
/usr/local/mcuxpressoide-10.2.1_795/ide/tools/bin/../lib/gcc/arm-none-eabi/7.2.1/../../../../arm-none-eabi/lib/thumb/v7e-m/fpv4-sp/hard/libcr_c.a(ftell.o)
                              /usr/local/mcuxpressoide-10.2.1_795/ide/tools/bin/../lib/gcc/arm-none-eabi/7.2.1/../../../../arm-none-eabi/lib/thumb/v7e-m/fpv4-sp/hard/libcr_c.a(fseek.o) (ftell)
/usr/local/mcuxpressoide-10.2.1_795/ide/tools/bin/../lib/gcc/arm-none-eabi/7.2.1/../../../../arm-none-eabi/lib/thumb/v7e-m/fpv4-sp/hard/libcr_c.a(initio.o)
                              /usr/local/mcuxpressoide-10.2.1_795/ide/tools/bin/../lib/gcc/arm-none-eabi/7.2.1/../../../../arm-none-eabi/lib/thumb/v7e-m/fpv4-sp/hard/libcr_semihost_nf.a(_cr__main.o) (_initio)
/usr/local/mcuxpressoide-10.2.1_795/ide/tools/bin/../lib/gcc/arm-none-eabi/7.2.1/../../../../arm-none-eabi/lib/thumb/v7e-m/fpv4-sp/hard/libcr_c.a(printf.o)
                              ./utilities/fsl_assert.o (_printf)
/usr/local/mcuxpressoide-10.2.1_795/ide/tools/bin/../lib/gcc/arm-none-eabi/7.2.1/../../../../arm-none-eabi/lib/thumb/v7e-m/fpv4-sp/hard/libcr_c.a(setvbuf.o)
[...]
Memory Configuration

Name             Origin             Length             Attributes
PROGRAM_FLASH    0x0000000000000000 0x0000000000080000 xr
SRAM_UPPER       0x0000000020000000 0x0000000000010000 xrw
SRAM_LOWER       0x000000001fff0000 0x0000000000010000 xrw
*default*        0x0000000000000000 0xffffffffffffffff

Linker script and memory map

LOAD ./utilities/fsl_assert.o
LOAD ./utilities/fsl_debug_console.o
LOAD ./utilities/fsl_io.o
LOAD ./utilities/fsl_log.o
LOAD ./utilities/fsl_str.o
LOAD ./usb/device/source/khci/usb_device_khci.o
LOAD ./usb/device/source/usb_device_ch9.o
LOAD ./usb/device/source/usb_device_dci.o
LOAD ./usb/device/class/audio/usb_device_audio.o
LOAD ./usb/device/class/usb_device_class.o
LOAD ./startup/startup_mk22f51212.o
LOAD ./sources/audio_speaker.o
LOAD ./sources/usb_device_descriptor.o
LOAD ./source/semihost_hardfault.o
LOAD ./osa/usb_osa_bm.o
LOAD ./drivers/fsl_clock.o
LOAD ./drivers/fsl_common.o
LOAD ./drivers/fsl_dmamux.o
LOAD ./drivers/fsl_edma.o
LOAD ./drivers/fsl_ftfx_cache.o
LOAD ./drivers/fsl_ftfx_controller.o
LOAD ./drivers/fsl_ftfx_flash.o
LOAD ./drivers/fsl_ftfx_flexnvm.o
LOAD ./drivers/fsl_gpio.o
LOAD ./drivers/fsl_i2c.o
LOAD ./drivers/fsl_lpuart.o
LOAD ./drivers/fsl_sai.o
LOAD ./drivers/fsl_sai_edma.o
LOAD ./drivers/fsl_sim.o
LOAD ./drivers/fsl_smc.o
LOAD ./drivers/fsl_uart.o
LOAD ./codec/fsl_codec_common.o
LOAD ./codec/fsl_sgtl5000.o
LOAD ./board/src/board.o
LOAD ./board/src/clock_config.o
LOAD ./board/src/pin_mux.o
LOAD ./board/peripherals.o
LOAD ./CMSIS/system_MK22F51212.o
START GROUP
LOAD /usr/local/mcuxpressoide-10.2.1_795/ide/tools/bin/../lib/gcc/arm-none-eabi/7.2.1/../../../../arm-none-eabi/lib/thumb/v7e-m/fpv4-sp/hard/libcr_semihost_nf.a
LOAD /usr/local/mcuxpressoide-10.2.1_795/ide/tools/bin/../lib/gcc/arm-none-eabi/7.2.1/../../../../arm-none-eabi/lib/thumb/v7e-m/fpv4-sp/hard/libcr_c.a
LOAD /usr/local/mcuxpressoide-10.2.1_795/ide/tools/bin/../lib/gcc/arm-none-eabi/7.2.1/thumb/v7e-m/fpv4-sp/hard/libcr_eabihelpers.a
END GROUP
                0x0000000000000000                __base_PROGRAM_FLASH = 0x0
                0x0000000000000000                __base_Flash = 0x0
                0x0000000000080000                __top_PROGRAM_FLASH = 0x80000
                0x0000000000080000                __top_Flash = 0x80000
                0x0000000020000000                __base_SRAM_UPPER = 0x20000000
                0x0000000020000000                __base_RAM = 0x20000000
                0x0000000020010000                __top_SRAM_UPPER = 0x20010000
                0x0000000020010000                __top_RAM = 0x20010000
                0x000000001fff0000                __base_SRAM_LOWER = 0x1fff0000
                0x000000001fff0000                __base_RAM2 = 0x1fff0000
                0x0000000020000000                __top_SRAM_LOWER = 0x20000000
                0x0000000020000000                __top_RAM2 = 0x20000000

.text           0x0000000000000000     0xe2c0
 FILL mask 0xff
                0x0000000000000000                __vectors_start__ = ABSOLUTE (.)
 *(SORT_BY_ALIGNMENT(.isr_vector))
 .isr_vector    0x0000000000000000      0x168 ./startup/startup_mk22f51212.o
                0x0000000000000000                __Vectors
                0x0000000000000000                g_pfnVectors
                0x0000000000000168                . = ALIGN (0x4)
                0x0000000000000168                __section_table_start = .
                0x0000000000000168                __data_section_table = .
                0x0000000000000168        0x4 LONG 0xe2c0 LOADADDR (.data)
                0x000000000000016c        0x4 LONG 0x20000000 ADDR (.data)
                0x0000000000000170        0x4 LONG 0x23c SIZEOF (.data)
                0x0000000000000174        0x4 LONG 0xe2c0 LOADADDR (.data_RAM2)
                0x0000000000000178        0x4 LONG 0x1fff0000 ADDR (.data_RAM2)
                0x000000000000017c        0x4 LONG 0x0 SIZEOF (.data_RAM2)
                0x0000000000000180                __data_section_table_end = .
                0x0000000000000180                __bss_section_table = .
                0x0000000000000180        0x4 LONG 0x20000400 ADDR (.bss)
                0x0000000000000184        0x4 LONG 0x1fa0 SIZEOF (.bss)
                0x0000000000000188        0x4 LONG 0x1fff0000 ADDR (.bss_RAM2)
                0x000000000000018c        0x4 LONG 0x0 SIZEOF (.bss_RAM2)
                0x0000000000000190                __bss_section_table_end = .
                0x0000000000000190                __section_table_end = .
 *(SORT_BY_ALIGNMENT(.after_vectors*))
 .after_vectors.reset
                0x0000000000000190       0x4c ./startup/startup_mk22f51212.o
                0x0000000000000190                ResetISR
 .after_vectors.init_data
                0x00000000000001dc       0x1e ./startup/startup_mk22f51212.o
                0x00000000000001dc                data_init
 .after_vectors.init_bss
                0x00000000000001fa       0x12 ./startup/startup_mk22f51212.o
                0x00000000000001fa                bss_init
 .after_vectors
                0x000000000000020c       0x14 ./startup/startup_mk22f51212.o
                0x000000000000020c                NMI_Handler
                0x0000000000000210                MemManage_Handler
                0x0000000000000212                BusFault_Handler
                0x0000000000000214                UsageFault_Handler
                0x0000000000000216                SVC_Handler
                0x0000000000000218                DebugMon_Handler
                0x000000000000021a                PendSV_Handler
                0x000000000000021c                SysTick_Handler
                0x000000000000021e                PORTB_DriverIRQHandler
                0x000000000000021e                SPI1_DriverIRQHandler
                0x000000000000021e                LPTMR0_DriverIRQHandler
                0x000000000000021e                DMA_Error_DriverIRQHandler
                0x000000000000021e                FTM1_DriverIRQHandler
                0x000000000000021e                FTM2_DriverIRQHandler
                0x000000000000021e                PIT2_DriverIRQHandler
                0x000000000000021e                Reserved82_DriverIRQHandler
                0x000000000000021e                RTC_Seconds_DriverIRQHandler
                0x000000000000021e                FTF_DriverIRQHandler
                0x000000000000021e                LLWU_DriverIRQHandler
                0x000000000000021e                MCM_DriverIRQHandler
                0x000000000000021e                MCG_DriverIRQHandler
                0x000000000000021e                DAC1_DriverIRQHandler
                0x000000000000021e                CMP1_DriverIRQHandler
                0x000000000000021e                FTM0_DriverIRQHandler
                0x000000000000021e                IntDefaultHandler
                0x000000000000021e                USB0_DriverIRQHandler
                0x000000000000021e                PORTC_DriverIRQHandler
                0x000000000000021e                DAC0_DriverIRQHandler
                0x000000000000021e                UART2_ERR_DriverIRQHandler
                0x000000000000021e                LVD_LVW_DriverIRQHandler
                0x000000000000021e                Reserved84_DriverIRQHandler
                0x000000000000021e                PIT0_DriverIRQHandler
                0x000000000000021e                RNG_DriverIRQHandler
                0x000000000000021e                Reserved53_DriverIRQHandler
                0x000000000000021e                UART0_ERR_DriverIRQHandler
                0x000000000000021e                Reserved71_DriverIRQHandler
                0x000000000000021e                ADC1_DriverIRQHandler
                0x000000000000021e                PORTA_DriverIRQHandler
                0x000000000000021e                PIT3_DriverIRQHandler
                0x000000000000021e                PIT1_DriverIRQHandler
                0x000000000000021e                WDOG_EWM_DriverIRQHandler
                0x000000000000021e                PDB0_DriverIRQHandler
                0x000000000000021e                Reserved83_DriverIRQHandler
                0x000000000000021e                Reserved61_DriverIRQHandler
                0x000000000000021e                RTC_DriverIRQHandler
                0x000000000000021e                Read_Collision_DriverIRQHandler
                0x000000000000021e                Reserved54_DriverIRQHandler
                0x000000000000021e                SWI_DriverIRQHandler
                0x000000000000021e                Reserved85_DriverIRQHandler
                0x000000000000021e                Reserved81_DriverIRQHandler
                0x000000000000021e                SPI0_DriverIRQHandler
                0x000000000000021e                ADC0_DriverIRQHandler
                0x000000000000021e                CMP0_DriverIRQHandler
                0x000000000000021e                FTM3_DriverIRQHandler
                0x000000000000021e                UART1_ERR_DriverIRQHandler
                0x000000000000021e                PORTD_DriverIRQHandler
                0x000000000000021e                Reserved70_DriverIRQHandler
                0x000000000000021e                Reserved86_DriverIRQHandler
                0x000000000000021e                PORTE_DriverIRQHandler
                0x0000000000000400                . = 0x400
 *fill*         0x0000000000000220      0x1e0 ff
                0x0000000000000400                PROVIDE (__FLASH_CONFIG_START__, .)
 *(SORT_BY_ALIGNMENT(.FlashConfig))
 .FlashConfig   0x0000000000000400       0x10 ./startup/startup_mk22f51212.o
                0x0000000000000400                Flash_Config
                0x0000000000000410                PROVIDE (__FLASH_CONFIG_END__, .)
                0x0000000000000001                ASSERT (! ((__FLASH_CONFIG_START__ == __FLASH_CONFIG_END__)), Linker Flash Config Support Enabled, but no .FlashConfig section provided within application)
 *(SORT_BY_ALIGNMENT(.text*))
 .text.DbgConsole_Init
                0x0000000000000410       0x38 ./utilities/fsl_debug_console.o
                0x0000000000000410                DbgConsole_Init
 .text.IO_Init  0x0000000000000448       0xbc ./utilities/fsl_io.o
                0x0000000000000448                IO_Init
 .text.USB_DeviceKhciEndpointTransfer
                0x0000000000000504      0x104 ./usb/device/source/khci/usb_device_khci.o
 .text.USB_DeviceKhciInit
                0x0000000000000608       0xd4 ./usb/device/source/khci/usb_device_khci.o
                0x0000000000000608                USB_DeviceKhciInit
 .text.USB_DeviceKhciControl
                0x00000000000006dc      0x2a8 ./usb/device/source/khci/usb_device_khci.o
                0x00000000000006dc                USB_DeviceKhciControl
 .text.USB_DeviceControlCallback
                0x0000000000000984      0x370 ./usb/device/source/usb_device_ch9.o
                0x0000000000000984                USB_DeviceControlCallback
 .text.USB_DeviceControlPipeInit
                0x0000000000000cf4       0x78 ./usb/device/source/usb_device_ch9.o
                0x0000000000000cf4                USB_DeviceControlPipeInit
 .text.USB_DeviceAllocateHandle
                0x0000000000000d6c       0xd0 ./usb/device/source/usb_device_dci.o
 .text.USB_DeviceGetControllerInterface
                0x0000000000000e3c       0x38 ./usb/device/source/usb_device_dci.o
 .text.USB_DeviceGetStatus
                0x0000000000000e74       0xcc ./usb/device/source/usb_device_dci.o
                0x0000000000000e74                USB_DeviceGetStatus
 .text.USB_DeviceSetStatus
                0x0000000000000f40      0x108 ./usb/device/source/usb_device_dci.o
                0x0000000000000f40                USB_DeviceSetStatus
 .text.USB_DeviceAudioAllocateHandle
                0x0000000000001048       0x6c ./usb/device/class/audio/usb_device_audio.o
 .text.USB_DeviceAudioStreamEndpointsInit
                0x00000000000010b4      0x1c8 ./usb/device/class/audio/usb_device_audio.o
                0x00000000000010b4                USB_DeviceAudioStreamEndpointsInit
 .text.USB_DeviceAudioControlEndpointsInit
                0x000000000000127c      0x1bc ./usb/device/class/audio/usb_device_audio.o
                0x000000000000127c                USB_DeviceAudioControlEndpointsInit
 .text.USB_DeviceAudioGetCurAudioFeatureUnit
                0x0000000000001438       0xdc ./usb/device/class/audio/usb_device_audio.o
                0x0000000000001438                USB_DeviceAudioGetCurAudioFeatureUnit
 .text.USB_DeviceAudioGetMinAudioFeatureUnit
                0x0000000000001514       0xb0 ./usb/device/class/audio/usb_device_audio.o
                0x0000000000001514                USB_DeviceAudioGetMinAudioFeatureUnit
 .text.USB_DeviceAudioGetMaxAudioFeatureUnit
                0x00000000000015c4       0xb0 ./usb/device/class/audio/usb_device_audio.o
                0x00000000000015c4                USB_DeviceAudioGetMaxAudioFeatureUnit
 .text.USB_DeviceAudioGetResAudioFeatureUnit
                0x0000000000001674       0xb0 ./usb/device/class/audio/usb_device_audio.o
                0x0000000000001674                USB_DeviceAudioGetResAudioFeatureUnit
 .text.USB_DeviceAudioSetCurAudioFeatureUnit
                0x0000000000001724       0xdc ./usb/device/class/audio/usb_device_audio.o
                0x0000000000001724                USB_DeviceAudioSetCurAudioFeatureUnit
 .text.USB_DeviceAudioSetMinAudioFeatureUnit
                0x0000000000001800       0xb0 ./usb/device/class/audio/usb_device_audio.o
                0x0000000000001800                USB_DeviceAudioSetMinAudioFeatureUnit
 .text.USB_DeviceAudioSetMaxAudioFeatureUnit
                0x00000000000018b0       0xb0 ./usb/device/class/audio/usb_device_audio.o
                0x00000000000018b0                USB_DeviceAudioSetMaxAudioFeatureUnit
 .text.USB_DeviceAudioSetResAudioFeatureUnit
                0x0000000000001960       0xb0 ./usb/device/class/audio/usb_device_audio.o
                0x0000000000001960                USB_DeviceAudioSetResAudioFeatureUnit
 .text.USB_DeviceAudioSetFeatureUnit
                0x0000000000001a10       0x74 ./usb/device/class/audio/usb_device_audio.o
                0x0000000000001a10                USB_DeviceAudioSetFeatureUnit
 .text.USB_DeviceAudioSetRequestEndpoint
                0x0000000000001a84       0xcc ./usb/device/class/audio/usb_device_audio.o
                0x0000000000001a84                USB_DeviceAudioSetRequestEndpoint
 .text.USB_DeviceAudioGetRequestEndpoint
                0x0000000000001b50       0xc0 ./usb/device/class/audio/usb_device_audio.o
                0x0000000000001b50                USB_DeviceAudioGetRequestEndpoint
 .text.USB_DeviceAudioGetFeatureUnit
                0x0000000000001c10       0x74 ./usb/device/class/audio/usb_device_audio.o
                0x0000000000001c10                USB_DeviceAudioGetFeatureUnit
 .text.USB_DeviceAudioEvent
                0x0000000000001c84      0x3a8 ./usb/device/class/audio/usb_device_audio.o
                0x0000000000001c84                USB_DeviceAudioEvent
 .text.USB_DeviceClassAllocateHandle
                0x000000000000202c       0xc8 ./usb/device/class/usb_device_class.o
 .text.USB_DeviceClassFreeHandle
                0x00000000000020f4       0x90 ./usb/device/class/usb_device_class.o
 .text.USB_DeviceClassGetHandleByDeviceHandle
                0x0000000000002184       0x64 ./usb/device/class/usb_device_class.o
 .text.USB_DeviceClassGetDeviceHandle
                0x00000000000021e8       0x78 ./usb/device/class/usb_device_class.o
                0x00000000000021e8                USB_DeviceClassGetDeviceHandle
 .text.USB_DeviceClassEvent
                0x0000000000002260       0xe0 ./usb/device/class/usb_device_class.o
                0x0000000000002260                USB_DeviceClassEvent
 .text.USB_DeviceClassInit
                0x0000000000002340      0x11c ./usb/device/class/usb_device_class.o
                0x0000000000002340                USB_DeviceClassInit
 .text.__NVIC_EnableIRQ
                0x000000000000245c       0x3c ./sources/audio_speaker.o
 .text.__NVIC_SetPriority
                0x0000000000002498       0x54 ./sources/audio_speaker.o
 .text.PORT_SetPinConfig
                0x00000000000024ec       0x38 ./sources/audio_speaker.o
 .text.DMAMUX_EnableChannel
                0x0000000000002524       0x3c ./sources/audio_speaker.o
 .text.DMAMUX_SetSource
                0x0000000000002560       0x4c ./sources/audio_speaker.o
 .text.BOARD_I2C_ReleaseBus
                0x00000000000025ac       0xf8 ./sources/audio_speaker.o
                0x00000000000025ac                BOARD_I2C_ReleaseBus
 .text.BOARD_Codec_Init
                0x00000000000026a4       0x48 ./sources/audio_speaker.o
                0x00000000000026a4                BOARD_Codec_Init
 .text.SAI_USB_Audio_TxInit
                0x00000000000026ec       0x30 ./sources/audio_speaker.o
                0x00000000000026ec                SAI_USB_Audio_TxInit
 .text.SGTL_Config_Audio_Formats
                0x000000000000271c       0x4c ./sources/audio_speaker.o
                0x000000000000271c                SGTL_Config_Audio_Formats
 .text.BOARD_USB_Audio_TxInit
                0x0000000000002768       0x20 ./sources/audio_speaker.o
                0x0000000000002768                BOARD_USB_Audio_TxInit
 .text.txCallback
                0x0000000000002788       0xb4 ./sources/audio_speaker.o
 .text.BOARD_DMA_EDMA_Config
                0x000000000000283c       0x54 ./sources/audio_speaker.o
                0x000000000000283c                BOARD_DMA_EDMA_Config
 .text.BOARD_Create_Audio_DMA_EDMA_Handle
                0x0000000000002890       0x2c ./sources/audio_speaker.o
                0x0000000000002890                BOARD_Create_Audio_DMA_EDMA_Handle
 .text.BOARD_DMA_EDMA_Set_AudioFormat
                0x00000000000028bc       0x38 ./sources/audio_speaker.o
                0x00000000000028bc                BOARD_DMA_EDMA_Set_AudioFormat
 .text.BOARD_DMA_EDMA_Enable_Audio_Interrupts
                0x00000000000028f4       0x1c ./sources/audio_speaker.o
                0x00000000000028f4                BOARD_DMA_EDMA_Enable_Audio_Interrupts
 .text.BOARD_DMA_EDMA_Start
                0x0000000000002910       0x40 ./sources/audio_speaker.o
                0x0000000000002910                BOARD_DMA_EDMA_Start
 .text.I2S0_Tx_IRQHandler
                0x0000000000002950       0x24 ./sources/audio_speaker.o
                0x0000000000002950                I2S0_Tx_IRQHandler
 .text.USB0_IRQHandler
                0x0000000000002974       0x1c ./sources/audio_speaker.o
                0x0000000000002974                USB0_IRQHandler
 .text.USB_DeviceClockInit
                0x0000000000002990       0x1c ./sources/audio_speaker.o
                0x0000000000002990                USB_DeviceClockInit
 .text.Init_Board_Sai_Codec
                0x00000000000029ac       0x38 ./sources/audio_speaker.o
                0x00000000000029ac                Init_Board_Sai_Codec
 .text.USB_DeviceAudioRequest
                0x00000000000029e4      0x72c ./sources/audio_speaker.o
                0x00000000000029e4                USB_DeviceAudioRequest
 .text.USB_AudioSpeakerBufferSpaceUsed
                0x0000000000003110       0x44 ./sources/audio_speaker.o
                0x0000000000003110                USB_AudioSpeakerBufferSpaceUsed
 .text.USB_AudioFeedbackDataUpdate
                0x0000000000003154       0xec ./sources/audio_speaker.o
                0x0000000000003154                USB_AudioFeedbackDataUpdate
 .text.USB_AudioSpeakerPutBuffer
                0x0000000000003240       0x58 ./sources/audio_speaker.o
                0x0000000000003240                USB_AudioSpeakerPutBuffer
 .text.USB_DeviceAudioCallback
                0x0000000000003298      0x124 ./sources/audio_speaker.o
                0x0000000000003298                USB_DeviceAudioCallback
 .text.USB_DeviceAudioSpeakerStatusReset
                0x00000000000033bc       0x64 ./sources/audio_speaker.o
                0x00000000000033bc                USB_DeviceAudioSpeakerStatusReset
 .text.USB_DeviceCallback
                0x0000000000003420      0x1d4 ./sources/audio_speaker.o
                0x0000000000003420                USB_DeviceCallback
 .text.APPInit  0x00000000000035f4       0x6c ./sources/audio_speaker.o
                0x00000000000035f4                APPInit
 .text.USB_AudioCodecTask
                0x0000000000003660       0x90 ./sources/audio_speaker.o
                0x0000000000003660                USB_AudioCodecTask
 .text.USB_AudioSpeakerResetTask
                0x00000000000036f0       0x18 ./sources/audio_speaker.o
                0x00000000000036f0                USB_AudioSpeakerResetTask
 .text.USB_DeviceGetDeviceDescriptor
                0x0000000000003708       0x28 ./sources/usb_device_descriptor.o
                0x0000000000003708                USB_DeviceGetDeviceDescriptor
 .text.USB_DeviceGetConfigurationDescriptor
                0x0000000000003730       0x34 ./sources/usb_device_descriptor.o
                0x0000000000003730                USB_DeviceGetConfigurationDescriptor
 .text.USB_DeviceGetStringDescriptor
                0x0000000000003764       0xc0 ./sources/usb_device_descriptor.o
                0x0000000000003764                USB_DeviceGetStringDescriptor
 .text.CLOCK_SetEr32kClock
                0x0000000000003824       0x30 ./drivers/fsl_clock.o
 .text.CLOCK_SetPllFllSelClock
                0x0000000000003854       0x3c ./drivers/fsl_clock.o
 .text.CLOCK_GetMcgExtClkFreq
                0x0000000000003890       0x78 ./drivers/fsl_clock.o
 .text.CLOCK_GetFllExtRefClkFreq
                0x0000000000003908       0xd0 ./drivers/fsl_clock.o
 .text.CLOCK_GetInternalRefClkSelectFreq
                0x00000000000039d8       0x44 ./drivers/fsl_clock.o
 .text.CLOCK_GetFllRefClkFreq
                0x0000000000003a1c       0x2c ./drivers/fsl_clock.o
 .text.CLOCK_GetOscRangeFromFreq
                0x0000000000003a48       0x3c ./drivers/fsl_clock.o
 .text.CLOCK_GetOsc0ErClkUndivFreq
                0x0000000000003a84       0x38 ./drivers/fsl_clock.o
                0x0000000000003a84                CLOCK_GetOsc0ErClkUndivFreq
 .text.CLOCK_GetOsc0ErClkDivFreq
                0x0000000000003abc       0x48 ./drivers/fsl_clock.o
                0x0000000000003abc                CLOCK_GetOsc0ErClkDivFreq
 .text.CLOCK_GetEr32kClkFreq
                0x0000000000003b04       0x70 ./drivers/fsl_clock.o
                0x0000000000003b04                CLOCK_GetEr32kClkFreq
 .text.CLOCK_GetPllFllSelClkFreq
                0x0000000000003b74       0x54 ./drivers/fsl_clock.o
                0x0000000000003b74                CLOCK_GetPllFllSelClkFreq
 .text.CLOCK_GetCoreSysClkFreq
                0x0000000000003bc8       0x28 ./drivers/fsl_clock.o
                0x0000000000003bc8                CLOCK_GetCoreSysClkFreq
 .text.CLOCK_GetFreq
                0x0000000000003bf0      0x150 ./drivers/fsl_clock.o
                0x0000000000003bf0                CLOCK_GetFreq
 .text.CLOCK_SetSimConfig
                0x0000000000003d40       0x38 ./drivers/fsl_clock.o
                0x0000000000003d40                CLOCK_SetSimConfig
 .text.CLOCK_EnableUsbfs0Clock
                0x0000000000003d78      0x100 ./drivers/fsl_clock.o
                0x0000000000003d78                CLOCK_EnableUsbfs0Clock
 .text.CLOCK_GetOutClkFreq
                0x0000000000003e78       0x64 ./drivers/fsl_clock.o
                0x0000000000003e78                CLOCK_GetOutClkFreq
 .text.CLOCK_GetFllFreq
                0x0000000000003edc       0x7c ./drivers/fsl_clock.o
                0x0000000000003edc                CLOCK_GetFllFreq
 .text.CLOCK_GetInternalRefClkFreq
                0x0000000000003f58       0x24 ./drivers/fsl_clock.o
                0x0000000000003f58                CLOCK_GetInternalRefClkFreq
 .text.CLOCK_GetPll0Freq
                0x0000000000003f7c       0x68 ./drivers/fsl_clock.o
                0x0000000000003f7c                CLOCK_GetPll0Freq
 .text.CLOCK_SetExternalRefClkConfig
                0x0000000000003fe4       0x6c ./drivers/fsl_clock.o
                0x0000000000003fe4                CLOCK_SetExternalRefClkConfig
 .text.CLOCK_SetInternalRefClkConfig
                0x0000000000004050      0x104 ./drivers/fsl_clock.o
                0x0000000000004050                CLOCK_SetInternalRefClkConfig
 .text.CLOCK_EnablePll0
                0x0000000000004154       0x84 ./drivers/fsl_clock.o
                0x0000000000004154                CLOCK_EnablePll0
 .text.CLOCK_InitOsc0
                0x00000000000041d8       0x8c ./drivers/fsl_clock.o
                0x00000000000041d8                CLOCK_InitOsc0
 .text.CLOCK_SetPbeMode
                0x0000000000004264       0xa8 ./drivers/fsl_clock.o
                0x0000000000004264                CLOCK_SetPbeMode
 .text.CLOCK_BootToPeeMode
                0x000000000000430c       0x64 ./drivers/fsl_clock.o
                0x000000000000430c                CLOCK_BootToPeeMode
 .text.DMAMUX_GetInstance
                0x0000000000004370       0x44 ./drivers/fsl_dmamux.o
 .text.DMAMUX_Init
                0x00000000000043b4       0x24 ./drivers/fsl_dmamux.o
                0x00000000000043b4                DMAMUX_Init
 .text.__NVIC_EnableIRQ
                0x00000000000043d8       0x3c ./drivers/fsl_edma.o
 .text.EDMA_GetInstance
                0x0000000000004414       0x44 ./drivers/fsl_edma.o
 .text.EDMA_InstallTCD
                0x0000000000004458      0x148 ./drivers/fsl_edma.o
                0x0000000000004458                EDMA_InstallTCD
 .text.EDMA_Init
                0x00000000000045a0       0x80 ./drivers/fsl_edma.o
                0x00000000000045a0                EDMA_Init
 .text.EDMA_GetDefaultConfig
                0x0000000000004620       0x38 ./drivers/fsl_edma.o
                0x0000000000004620                EDMA_GetDefaultConfig
 .text.EDMA_SetTransferConfig
                0x0000000000004658       0x60 ./drivers/fsl_edma.o
                0x0000000000004658                EDMA_SetTransferConfig
 .text.EDMA_TcdReset
                0x00000000000046b8       0x78 ./drivers/fsl_edma.o
                0x00000000000046b8                EDMA_TcdReset
 .text.EDMA_TcdSetTransferConfig
                0x0000000000004730       0xe8 ./drivers/fsl_edma.o
                0x0000000000004730                EDMA_TcdSetTransferConfig
 .text.Get_StartInstance
                0x0000000000004818       0x24 ./drivers/fsl_edma.o
 .text.EDMA_CreateHandle
                0x000000000000483c       0xe4 ./drivers/fsl_edma.o
                0x000000000000483c                EDMA_CreateHandle
 .text.EDMA_InstallTCDMemory
                0x0000000000004920       0x60 ./drivers/fsl_edma.o
                0x0000000000004920                EDMA_InstallTCDMemory
 .text.EDMA_SetCallback
                0x0000000000004980       0x30 ./drivers/fsl_edma.o
                0x0000000000004980                EDMA_SetCallback
 .text.EDMA_PrepareTransfer
                0x00000000000049b0      0x288 ./drivers/fsl_edma.o
                0x00000000000049b0                EDMA_PrepareTransfer
 .text.EDMA_SubmitTransfer
                0x0000000000004c38      0x2c4 ./drivers/fsl_edma.o
                0x0000000000004c38                EDMA_SubmitTransfer
 .text.EDMA_StartTransfer
                0x0000000000004efc       0xac ./drivers/fsl_edma.o
                0x0000000000004efc                EDMA_StartTransfer
 .text.EDMA_HandleIRQ
                0x0000000000004fa8      0x144 ./drivers/fsl_edma.o
                0x0000000000004fa8                EDMA_HandleIRQ
 .text.DMA0_DriverIRQHandler
                0x00000000000050ec       0x1c ./drivers/fsl_edma.o
                0x00000000000050ec                DMA0_DriverIRQHandler
 .text.DMA1_DriverIRQHandler
                0x0000000000005108       0x1c ./drivers/fsl_edma.o
                0x0000000000005108                DMA1_DriverIRQHandler
 .text.DMA2_DriverIRQHandler
                0x0000000000005124       0x1c ./drivers/fsl_edma.o
                0x0000000000005124                DMA2_DriverIRQHandler
 .text.DMA3_DriverIRQHandler
                0x0000000000005140       0x1c ./drivers/fsl_edma.o
                0x0000000000005140                DMA3_DriverIRQHandler
 .text.DMA4_DriverIRQHandler
                0x000000000000515c       0x1c ./drivers/fsl_edma.o
                0x000000000000515c                DMA4_DriverIRQHandler
 .text.DMA5_DriverIRQHandler
                0x0000000000005178       0x1c ./drivers/fsl_edma.o
                0x0000000000005178                DMA5_DriverIRQHandler
 .text.DMA6_DriverIRQHandler
                0x0000000000005194       0x1c ./drivers/fsl_edma.o
                0x0000000000005194                DMA6_DriverIRQHandler
 .text.DMA7_DriverIRQHandler
                0x00000000000051b0       0x1c ./drivers/fsl_edma.o
                0x00000000000051b0                DMA7_DriverIRQHandler
 .text.DMA8_DriverIRQHandler
                0x00000000000051cc       0x1c ./drivers/fsl_edma.o
                0x00000000000051cc                DMA8_DriverIRQHandler
 .text.DMA9_DriverIRQHandler
                0x00000000000051e8       0x1c ./drivers/fsl_edma.o
                0x00000000000051e8                DMA9_DriverIRQHandler
 .text.DMA10_DriverIRQHandler
                0x0000000000005204       0x1c ./drivers/fsl_edma.o
                0x0000000000005204                DMA10_DriverIRQHandler
 .text.DMA11_DriverIRQHandler
                0x0000000000005220       0x1c ./drivers/fsl_edma.o
                0x0000000000005220                DMA11_DriverIRQHandler
 .text.DMA12_DriverIRQHandler
                0x000000000000523c       0x1c ./drivers/fsl_edma.o
                0x000000000000523c                DMA12_DriverIRQHandler
 .text.DMA13_DriverIRQHandler
                0x0000000000005258       0x1c ./drivers/fsl_edma.o
                0x0000000000005258                DMA13_DriverIRQHandler
 .text.DMA14_DriverIRQHandler
                0x0000000000005274       0x1c ./drivers/fsl_edma.o
                0x0000000000005274                DMA14_DriverIRQHandler
 .text.DMA15_DriverIRQHandler
                0x0000000000005290       0x1c ./drivers/fsl_edma.o
                0x0000000000005290                DMA15_DriverIRQHandler
 .text.GPIO_PinInit
                0x00000000000052ac       0x64 ./drivers/fsl_gpio.o
                0x00000000000052ac                GPIO_PinInit
 .text.I2C_GetInstance
                0x0000000000005310       0x4c ./drivers/fsl_i2c.o
                0x0000000000005310                I2C_GetInstance
 .text.I2C_TransferCommonIRQHandler
                0x000000000000535c       0x50 ./drivers/fsl_i2c.o
 .text.I2C_MasterInit
                0x00000000000053ac       0xdc ./drivers/fsl_i2c.o
                0x00000000000053ac                I2C_MasterInit
 .text.I2C_MasterGetDefaultConfig
                0x0000000000005488       0x3c ./drivers/fsl_i2c.o
                0x0000000000005488                I2C_MasterGetDefaultConfig
 .text.I2C_MasterSetBaudRate
                0x00000000000054c4       0xe0 ./drivers/fsl_i2c.o
                0x00000000000054c4                I2C_MasterSetBaudRate
 .text.I2C_MasterTransferBlocking
                0x00000000000055a4      0x214 ./drivers/fsl_i2c.o
                0x00000000000055a4                I2C_MasterTransferBlocking
 .text.I2C0_DriverIRQHandler
                0x00000000000057b8       0x1c ./drivers/fsl_i2c.o
                0x00000000000057b8                I2C0_DriverIRQHandler
 .text.I2C1_DriverIRQHandler
                0x00000000000057d4       0x1c ./drivers/fsl_i2c.o
                0x00000000000057d4                I2C1_DriverIRQHandler
 .text.LPUART_GetInstance
                0x00000000000057f0       0x44 ./drivers/fsl_lpuart.o
                0x00000000000057f0                LPUART_GetInstance
 .text.LPUART_Init
                0x0000000000005834      0x290 ./drivers/fsl_lpuart.o
                0x0000000000005834                LPUART_Init
 .text.LPUART_GetDefaultConfig
                0x0000000000005ac4       0x70 ./drivers/fsl_lpuart.o
                0x0000000000005ac4                LPUART_GetDefaultConfig
 .text.LPUART0_DriverIRQHandler
                0x0000000000005b34       0x28 ./drivers/fsl_lpuart.o
                0x0000000000005b34                LPUART0_DriverIRQHandler
 .text.SAI_SetMasterClockDivider
                0x0000000000005b5c      0x114 ./drivers/fsl_sai.o
 .text.SAI_GetInstance
                0x0000000000005c70       0x44 ./drivers/fsl_sai.o
 .text.SAI_TxInit
                0x0000000000005cb4      0x240 ./drivers/fsl_sai.o
                0x0000000000005cb4                SAI_TxInit
 .text.I2S0_Rx_DriverIRQHandler
                0x0000000000005ef4       0x38 ./drivers/fsl_sai.o
                0x0000000000005ef4                I2S0_Rx_DriverIRQHandler
 .text.SAI_GetInstance
                0x0000000000005f2c       0x44 ./drivers/fsl_sai_edma.o
 .text.SAI_TransferTxCreateHandleEDMA
                0x0000000000005f70       0xa0 ./drivers/fsl_sai_edma.o
                0x0000000000005f70                SAI_TransferTxCreateHandleEDMA
 .text.SAI_TransferTxSetFormatEDMA
                0x0000000000006010       0x78 ./drivers/fsl_sai_edma.o
                0x0000000000006010                SAI_TransferTxSetFormatEDMA
 .text.SAI_TransferSendEDMA
                0x0000000000006088      0x184 ./drivers/fsl_sai_edma.o
                0x0000000000006088                SAI_TransferSendEDMA
 .text.UART_GetInstance
                0x000000000000620c       0x54 ./drivers/fsl_uart.o
                0x000000000000620c                UART_GetInstance
 .text.UART_Init
                0x0000000000006260      0x280 ./drivers/fsl_uart.o
                0x0000000000006260                UART_Init
 .text.UART_GetDefaultConfig
                0x00000000000064e0       0x58 ./drivers/fsl_uart.o
                0x00000000000064e0                UART_GetDefaultConfig
 .text.UART0_DriverIRQHandler
                0x0000000000006538       0x28 ./drivers/fsl_uart.o
                0x0000000000006538                UART0_DriverIRQHandler
 .text.UART1_DriverIRQHandler
                0x0000000000006560       0x28 ./drivers/fsl_uart.o
                0x0000000000006560                UART1_DriverIRQHandler
 .text.UART2_DriverIRQHandler
                0x0000000000006588       0x28 ./drivers/fsl_uart.o
                0x0000000000006588                UART2_DriverIRQHandler
 .text.SGTL_EnableModule
                0x00000000000065b0       0xe8 ./codec/fsl_sgtl5000.o
                0x00000000000065b0                SGTL_EnableModule
 .text.SGTL_DisableModule
                0x0000000000006698       0xe8 ./codec/fsl_sgtl5000.o
                0x0000000000006698                SGTL_DisableModule
 .text.SGTL_SetDataRoute
                0x0000000000006780      0x204 ./codec/fsl_sgtl5000.o
                0x0000000000006780                SGTL_SetDataRoute
 .text.SGTL_SetProtocol
                0x0000000000006984      0x110 ./codec/fsl_sgtl5000.o
                0x0000000000006984                SGTL_SetProtocol
 .text.SGTL_ConfigDataFormat
                0x0000000000006a94      0x28c ./codec/fsl_sgtl5000.o
                0x0000000000006a94                SGTL_ConfigDataFormat
 .text.BOARD_InitDebugConsole
                0x0000000000006d20       0x28 ./board/src/board.o
                0x0000000000006d20                BOARD_InitDebugConsole
 .text.BOARD_Codec_I2C_Init
                0x0000000000006d48       0x1c ./board/src/board.o
                0x0000000000006d48                BOARD_Codec_I2C_Init
 .text.BOARD_Codec_I2C_Send
                0x0000000000006d64       0x38 ./board/src/board.o
                0x0000000000006d64                BOARD_Codec_I2C_Send
 .text.BOARD_Codec_I2C_Receive
                0x0000000000006d9c       0x38 ./board/src/board.o
                0x0000000000006d9c                BOARD_Codec_I2C_Receive
 .text.CLOCK_SetSimSafeDivs
                0x0000000000006dd4       0x24 ./board/src/clock_config.o
 .text.CLOCK_SetXtal0Freq
                0x0000000000006df8       0x20 ./board/src/clock_config.o
 .text.CLOCK_CONFIG_SetFllExtRefDiv
                0x0000000000006e18       0x3c ./board/src/clock_config.o
 .text.BOARD_BootClockRUN
                0x0000000000006e54       0x60 ./board/src/clock_config.o
                0x0000000000006e54                BOARD_BootClockRUN
 .text.PORT_SetPinConfig
                0x0000000000006eb4       0x38 ./board/src/pin_mux.o
 .text.BOARD_InitPins
                0x0000000000006eec       0x8c ./board/src/pin_mux.o
                0x0000000000006eec                BOARD_InitPins
 .text.BOARD_I2C_ConfigurePins
                0x0000000000006f78       0x70 ./board/src/pin_mux.o
                0x0000000000006f78                BOARD_I2C_ConfigurePins
 .text.SystemInit
                0x0000000000006fe8       0x3c ./CMSIS/system_MK22F51212.o
                0x0000000000006fe8                SystemInit
 .text.SystemCoreClockUpdate
                0x0000000000007024      0x278 ./CMSIS/system_MK22F51212.o
                0x0000000000007024                SystemCoreClockUpdate
 .text.__assertion_failed
                0x000000000000729c       0x4c /usr/local/mcuxpressoide-10.2.1_795/ide/tools/bin/../lib/gcc/arm-none-eabi/7.2.1/../../../../arm-none-eabi/lib/thumb/v7e-m/fpv4-sp/hard/libcr_semihost_nf.a(_cr_assert.o)
                0x000000000000729c                __assertion_failed
 .text.__sys_appexit
                0x00000000000072e8        0xc /usr/local/mcuxpressoide-10.2.1_795/ide/tools/bin/../lib/gcc/arm-none-eabi/7.2.1/../../../../arm-none-eabi/lib/thumb/v7e-m/fpv4-sp/hard/libcr_semihost_nf.a(__sys_appexit.o)
                0x00000000000072e8                __exit
                0x00000000000072e8                __sys_appexit
 .text._Cwritebuf
                0x00000000000072f4       0x6c /usr/local/mcuxpressoide-10.2.1_795/ide/tools/bin/../lib/gcc/arm-none-eabi/7.2.1/../../../../arm-none-eabi/lib/thumb/v7e-m/fpv4-sp/hard/libcr_c.a(_writebuf.o)
                0x00000000000072f4                _Cwritebuf
 .text.malloc   0x0000000000007360       0xc8 /usr/local/mcuxpressoide-10.2.1_795/ide/tools/bin/../lib/gcc/arm-none-eabi/7.2.1/../../../../arm-none-eabi/lib/thumb/v7e-m/fpv4-sp/hard/libcr_c.a(alloc.o)
                0x0000000000007360                malloc
 .text._Csys_alloc
                0x0000000000007428       0x20 /usr/local/mcuxpressoide-10.2.1_795/ide/tools/bin/../lib/gcc/arm-none-eabi/7.2.1/../../../../arm-none-eabi/lib/thumb/v7e-m/fpv4-sp/hard/libcr_c.a(alloc.o)
                0x0000000000007428                _Csys_alloc
 .text.fseek    0x0000000000007448      0x100 /usr/local/mcuxpressoide-10.2.1_795/ide/tools/bin/../lib/gcc/arm-none-eabi/7.2.1/../../../../arm-none-eabi/lib/thumb/v7e-m/fpv4-sp/hard/libcr_c.a(fseek.o)
                0x0000000000007448                fseek
 .text.ftell    0x0000000000007548       0x44 /usr/local/mcuxpressoide-10.2.1_795/ide/tools/bin/../lib/gcc/arm-none-eabi/7.2.1/../../../../arm-none-eabi/lib/thumb/v7e-m/fpv4-sp/hard/libcr_c.a(ftell.o)
                0x0000000000007548                ftell
 .text._initio  0x000000000000758c       0x78 /usr/local/mcuxpressoide-10.2.1_795/ide/tools/bin/../lib/gcc/arm-none-eabi/7.2.1/../../../../arm-none-eabi/lib/thumb/v7e-m/fpv4-sp/hard/libcr_c.a(initio.o)
                0x000000000000758c                _initio
 .text.__vfprintf
                0x0000000000007604      0xb98 /usr/local/mcuxpressoide-10.2.1_795/ide/tools/bin/../lib/gcc/arm-none-eabi/7.2.1/../../../../arm-none-eabi/lib/thumb/v7e-m/fpv4-sp/hard/libcr_c.a(printf.o)
                0x0000000000007604                __vfprintf
 .text._vsnprintf
                0x000000000000819c       0x5c /usr/local/mcuxpressoide-10.2.1_795/ide/tools/bin/../lib/gcc/arm-none-eabi/7.2.1/../../../../arm-none-eabi/lib/thumb/v7e-m/fpv4-sp/hard/libcr_c.a(printf.o)
                0x000000000000819c                _vsnprintf
 .text._printf  0x00000000000081f8       0x54 /usr/local/mcuxpressoide-10.2.1_795/ide/tools/bin/../lib/gcc/arm-none-eabi/7.2.1/../../../../arm-none-eabi/lib/thumb/v7e-m/fpv4-sp/hard/libcr_c.a(printf.o)
                0x00000000000081f8                _printf
 .text.setvbuf  0x000000000000824c       0x40 /usr/local/mcuxpressoide-10.2.1_795/ide/tools/bin/../lib/gcc/arm-none-eabi/7.2.1/../../../../arm-none-eabi/lib/thumb/v7e-m/fpv4-sp/hard/libcr_c.a(setvbuf.o)
                0x000000000000824c                setvbuf
 .text._sbrk    0x000000000000828c       0x3c /usr/local/mcuxpressoide-10.2.1_795/ide/tools/bin/../lib/gcc/arm-none-eabi/7.2.1/../../../../arm-none-eabi/lib/thumb/v7e-m/fpv4-sp/hard/libcr_c.a(_cr_sbrk.o)
                0x000000000000828c                _sbrk
 .text.fflush   0x00000000000082c8       0x44 /usr/local/mcuxpressoide-10.2.1_795/ide/tools/bin/../lib/gcc/arm-none-eabi/7.2.1/../../../../arm-none-eabi/lib/thumb/v7e-m/fpv4-sp/hard/libcr_c.a(fflush.o)
                0x00000000000082c8                fflush
 .text.__check_heap_overflow
                0x000000000000830c       0x18 /usr/local/mcuxpressoide-10.2.1_795/ide/tools/bin/../lib/gcc/arm-none-eabi/7.2.1/../../../../arm-none-eabi/lib/thumb/v7e-m/fpv4-sp/hard/libcr_c.a(_cr_check_heap.o)
                0x000000000000830c                __check_heap_overflow
 .text.UART_EnableTx
                0x0000000000008324       0x40 ./utilities/fsl_io.o
 .text.UART_EnableRx
                0x0000000000008364       0x40 ./utilities/fsl_io.o
 .text.LPUART_EnableTx
                0x00000000000083a4       0x38 ./utilities/fsl_io.o
 .text.LPUART_EnableRx
                0x00000000000083dc       0x38 ./utilities/fsl_io.o
 .text.LOG_Init
                0x0000000000008414       0x30 ./utilities/fsl_log.o
                0x0000000000008414                LOG_Init
 .text.USB_DeviceKhciPrimeNextSetup
                0x0000000000008444       0x66 ./usb/device/source/khci/usb_device_khci.o
 .text.USB_DeviceKhciSetDefaultState
                0x00000000000084aa      0x158 ./usb/device/source/khci/usb_device_khci.o
 .text.USB_DeviceKhciEndpointInit
                0x0000000000008602      0x12c ./usb/device/source/khci/usb_device_khci.o
 .text.USB_DeviceKhciEndpointDeinit
                0x000000000000872e       0x5c ./usb/device/source/khci/usb_device_khci.o
 .text.USB_DeviceKhciEndpointStall
                0x000000000000878a       0xb8 ./usb/device/source/khci/usb_device_khci.o
 .text.USB_DeviceKhciEndpointUnstall
                0x0000000000008842      0x10a ./usb/device/source/khci/usb_device_khci.o
 .text.USB_DeviceKhciInterruptTokenDone
                0x000000000000894c      0x54e ./usb/device/source/khci/usb_device_khci.o
 .text.USB_DeviceKhciInterruptReset
                0x0000000000008e9a       0x42 ./usb/device/source/khci/usb_device_khci.o
 .text.USB_DeviceKhciInterruptStall
                0x0000000000008edc       0x5c ./usb/device/source/khci/usb_device_khci.o
 .text.USB_DeviceKhciDeinit
                0x0000000000008f38       0x6c ./usb/device/source/khci/usb_device_khci.o
                0x0000000000008f38                USB_DeviceKhciDeinit
 .text.USB_DeviceKhciSend
                0x0000000000008fa4      0x11c ./usb/device/source/khci/usb_device_khci.o
                0x0000000000008fa4                USB_DeviceKhciSend
 .text.USB_DeviceKhciRecv
                0x00000000000090c0      0x160 ./usb/device/source/khci/usb_device_khci.o
                0x00000000000090c0                USB_DeviceKhciRecv
 .text.USB_DeviceKhciCancel
                0x0000000000009220       0x86 ./usb/device/source/khci/usb_device_khci.o
                0x0000000000009220                USB_DeviceKhciCancel
 .text.USB_DeviceKhciIsrFunction
                0x00000000000092a6       0x74 ./usb/device/source/khci/usb_device_khci.o
                0x00000000000092a6                USB_DeviceKhciIsrFunction
 .text.USB_DeviceCh9GetStatus
                0x000000000000931a       0xe8 ./usb/device/source/usb_device_ch9.o
 .text.USB_DeviceCh9SetClearFeature
                0x0000000000009402       0xf2 ./usb/device/source/usb_device_ch9.o
 .text.USB_DeviceCh9SetAddress
                0x00000000000094f4       0x9c ./usb/device/source/usb_device_ch9.o
 .text.USB_DeviceCh9GetDescriptor
                0x0000000000009590       0xe2 ./usb/device/source/usb_device_ch9.o
 .text.USB_DeviceCh9GetConfiguration
                0x0000000000009672       0x58 ./usb/device/source/usb_device_ch9.o
 .text.USB_DeviceCh9SetConfiguration
                0x00000000000096ca       0x88 ./usb/device/source/usb_device_ch9.o
 .text.USB_DeviceCh9GetInterface
                0x0000000000009752       0x6e ./usb/device/source/usb_device_ch9.o
 .text.USB_DeviceCh9SetInterface
                0x00000000000097c0       0x6a ./usb/device/source/usb_device_ch9.o
 .text.USB_DeviceCh9SynchFrame
                0x000000000000982a       0x62 ./usb/device/source/usb_device_ch9.o
 .text.USB_DeviceControlCallbackFeedback
                0x000000000000988c       0xb4 ./usb/device/source/usb_device_ch9.o
 .text.USB_DeviceFreeHandle
                0x0000000000009940       0x32 ./usb/device/source/usb_device_dci.o
 .text.USB_DeviceTransfer
                0x0000000000009972      0x10e ./usb/device/source/usb_device_dci.o
 .text.USB_DeviceControl
                0x0000000000009a80       0x4c ./usb/device/source/usb_device_dci.o
 .text.USB_DeviceResetNotification
                0x0000000000009acc       0x98 ./usb/device/source/usb_device_dci.o
 .text.USB_DeviceNotification
                0x0000000000009b64       0xfe ./usb/device/source/usb_device_dci.o
 .text.USB_DeviceNotificationTrigger
                0x0000000000009c62       0x40 ./usb/device/source/usb_device_dci.o
                0x0000000000009c62                USB_DeviceNotificationTrigger
 .text.USB_DeviceInit
                0x0000000000009ca2      0x166 ./usb/device/source/usb_device_dci.o
                0x0000000000009ca2                USB_DeviceInit
 .text.USB_DeviceRun
                0x0000000000009e08       0x1c ./usb/device/source/usb_device_dci.o
                0x0000000000009e08                USB_DeviceRun
 .text.USB_DeviceDeinit
                0x0000000000009e24       0x42 ./usb/device/source/usb_device_dci.o
                0x0000000000009e24                USB_DeviceDeinit
 .text.USB_DeviceSendRequest
                0x0000000000009e66       0x32 ./usb/device/source/usb_device_dci.o
                0x0000000000009e66                USB_DeviceSendRequest
 .text.USB_DeviceRecvRequest
                0x0000000000009e98       0x2c ./usb/device/source/usb_device_dci.o
                0x0000000000009e98                USB_DeviceRecvRequest
 .text.USB_DeviceInitEndpoint
                0x0000000000009ec4       0xbe ./usb/device/source/usb_device_dci.o
                0x0000000000009ec4                USB_DeviceInitEndpoint
 .text.USB_DeviceDeinitEndpoint
                0x0000000000009f82       0xb0 ./usb/device/source/usb_device_dci.o
                0x0000000000009f82                USB_DeviceDeinitEndpoint
 .text.USB_DeviceStallEndpoint
                0x000000000000a032       0x30 ./usb/device/source/usb_device_dci.o
                0x000000000000a032                USB_DeviceStallEndpoint
 .text.USB_DeviceUnstallEndpoint
                0x000000000000a062       0x30 ./usb/device/source/usb_device_dci.o
                0x000000000000a062                USB_DeviceUnstallEndpoint
 .text.USB_DeviceAudioFreeHandle
                0x000000000000a092       0x42 ./usb/device/class/audio/usb_device_audio.o
 .text.USB_DeviceAudioInterruptIn
                0x000000000000a0d4       0x4c ./usb/device/class/audio/usb_device_audio.o
                0x000000000000a0d4                USB_DeviceAudioInterruptIn
 .text.USB_DeviceAudioIsochronousIn
                0x000000000000a120       0x52 ./usb/device/class/audio/usb_device_audio.o
                0x000000000000a120                USB_DeviceAudioIsochronousIn
 .text.USB_DeviceAudioIsochronousOut
                0x000000000000a172       0x52 ./usb/device/class/audio/usb_device_audio.o
                0x000000000000a172                USB_DeviceAudioIsochronousOut
 .text.USB_DeviceAudioStreamEndpointsDeinit
                0x000000000000a1c4       0xcc ./usb/device/class/audio/usb_device_audio.o
                0x000000000000a1c4                USB_DeviceAudioStreamEndpointsDeinit
 .text.USB_DeviceAudioControlEndpointsDeinit
                0x000000000000a290       0x5e ./usb/device/class/audio/usb_device_audio.o
                0x000000000000a290                USB_DeviceAudioControlEndpointsDeinit
 .text.USB_DeviceAudioSetControlTerminal
                0x000000000000a2ee       0x1c ./usb/device/class/audio/usb_device_audio.o
                0x000000000000a2ee                USB_DeviceAudioSetControlTerminal
 .text.USB_DeviceAudioGetControlTerminal
                0x000000000000a30a       0x1c ./usb/device/class/audio/usb_device_audio.o
                0x000000000000a30a                USB_DeviceAudioGetControlTerminal
 .text.USB_DeviceAudioSetRequestInterface
                0x000000000000a326       0x8a ./usb/device/class/audio/usb_device_audio.o
                0x000000000000a326                USB_DeviceAudioSetRequestInterface
 .text.USB_DeviceAudioGetRequestInterface
                0x000000000000a3b0       0x8a ./usb/device/class/audio/usb_device_audio.o
                0x000000000000a3b0                USB_DeviceAudioGetRequestInterface
 .text.USB_DeviceAudioInit
                0x000000000000a43a       0x7c ./usb/device/class/audio/usb_device_audio.o
                0x000000000000a43a                USB_DeviceAudioInit
 .text.USB_DeviceAudioDeinit
                0x000000000000a4b6       0x3e ./usb/device/class/audio/usb_device_audio.o
                0x000000000000a4b6                USB_DeviceAudioDeinit
 .text.USB_DeviceAudioSend
                0x000000000000a4f4       0x56 ./usb/device/class/audio/usb_device_audio.o
                0x000000000000a4f4                USB_DeviceAudioSend
 .text.USB_DeviceAudioRecv
                0x000000000000a54a       0x56 ./usb/device/class/audio/usb_device_audio.o
                0x000000000000a54a                USB_DeviceAudioRecv
 .text.USB_DeviceClassCallback
                0x000000000000a5a0       0x62 ./usb/device/class/usb_device_class.o
                0x000000000000a5a0                USB_DeviceClassCallback
 .text.DMA0_IRQHandler
                0x000000000000a602        0x8 ./startup/startup_mk22f51212.o
                0x000000000000a602                DMA0_IRQHandler
 .text.DMA1_IRQHandler
                0x000000000000a60a        0x8 ./startup/startup_mk22f51212.o
                0x000000000000a60a                DMA1_IRQHandler
 .text.DMA2_IRQHandler
                0x000000000000a612        0x8 ./startup/startup_mk22f51212.o
                0x000000000000a612                DMA2_IRQHandler
 .text.DMA3_IRQHandler
                0x000000000000a61a        0x8 ./startup/startup_mk22f51212.o
                0x000000000000a61a                DMA3_IRQHandler
 .text.DMA4_IRQHandler
                0x000000000000a622        0x8 ./startup/startup_mk22f51212.o
                0x000000000000a622                DMA4_IRQHandler
 .text.DMA5_IRQHandler
                0x000000000000a62a        0x8 ./startup/startup_mk22f51212.o
                0x000000000000a62a                DMA5_IRQHandler
 .text.DMA6_IRQHandler
                0x000000000000a632        0x8 ./startup/startup_mk22f51212.o
                0x000000000000a632                DMA6_IRQHandler
 .text.DMA7_IRQHandler
                0x000000000000a63a        0x8 ./startup/startup_mk22f51212.o
                0x000000000000a63a                DMA7_IRQHandler
 .text.DMA8_IRQHandler
                0x000000000000a642        0x8 ./startup/startup_mk22f51212.o
                0x000000000000a642                DMA8_IRQHandler
 .text.DMA9_IRQHandler
                0x000000000000a64a        0x8 ./startup/startup_mk22f51212.o
                0x000000000000a64a                DMA9_IRQHandler
 .text.DMA10_IRQHandler
                0x000000000000a652        0x8 ./startup/startup_mk22f51212.o
                0x000000000000a652                DMA10_IRQHandler
 .text.DMA11_IRQHandler
                0x000000000000a65a        0x8 ./startup/startup_mk22f51212.o
                0x000000000000a65a                DMA11_IRQHandler
 .text.DMA12_IRQHandler
                0x000000000000a662        0x8 ./startup/startup_mk22f51212.o
                0x000000000000a662                DMA12_IRQHandler
 .text.DMA13_IRQHandler
                0x000000000000a66a        0x8 ./startup/startup_mk22f51212.o
                0x000000000000a66a                DMA13_IRQHandler
 .text.DMA14_IRQHandler
                0x000000000000a672        0x8 ./startup/startup_mk22f51212.o
                0x000000000000a672                DMA14_IRQHandler
 .text.DMA15_IRQHandler
                0x000000000000a67a        0x8 ./startup/startup_mk22f51212.o
                0x000000000000a67a                DMA15_IRQHandler
 .text.DMA_Error_IRQHandler
                0x000000000000a682        0x8 ./startup/startup_mk22f51212.o
                0x000000000000a682                DMA_Error_IRQHandler
 .text.MCM_IRQHandler
                0x000000000000a68a        0x8 ./startup/startup_mk22f51212.o
                0x000000000000a68a                MCM_IRQHandler
 .text.FTF_IRQHandler
                0x000000000000a692        0x8 ./startup/startup_mk22f51212.o
                0x000000000000a692                FTF_IRQHandler
 .text.Read_Collision_IRQHandler
                0x000000000000a69a        0x8 ./startup/startup_mk22f51212.o
                0x000000000000a69a                Read_Collision_IRQHandler
 .text.LVD_LVW_IRQHandler
                0x000000000000a6a2        0x8 ./startup/startup_mk22f51212.o
                0x000000000000a6a2                LVD_LVW_IRQHandler
 .text.LLWU_IRQHandler
                0x000000000000a6aa        0x8 ./startup/startup_mk22f51212.o
                0x000000000000a6aa                LLWU_IRQHandler
 .text.WDOG_EWM_IRQHandler
                0x000000000000a6b2        0x8 ./startup/startup_mk22f51212.o
                0x000000000000a6b2                WDOG_EWM_IRQHandler
 .text.RNG_IRQHandler
                0x000000000000a6ba        0x8 ./startup/startup_mk22f51212.o
                0x000000000000a6ba                RNG_IRQHandler
 .text.I2C0_IRQHandler
                0x000000000000a6c2        0x8 ./startup/startup_mk22f51212.o
                0x000000000000a6c2                I2C0_IRQHandler
 .text.I2C1_IRQHandler
                0x000000000000a6ca        0x8 ./startup/startup_mk22f51212.o
                0x000000000000a6ca                I2C1_IRQHandler
 .text.SPI0_IRQHandler
                0x000000000000a6d2        0x8 ./startup/startup_mk22f51212.o
                0x000000000000a6d2                SPI0_IRQHandler
 .text.SPI1_IRQHandler
                0x000000000000a6da        0x8 ./startup/startup_mk22f51212.o
                0x000000000000a6da                SPI1_IRQHandler
 .text.I2S0_Rx_IRQHandler
                0x000000000000a6e2        0x8 ./startup/startup_mk22f51212.o
                0x000000000000a6e2                I2S0_Rx_IRQHandler
 .text.LPUART0_IRQHandler
                0x000000000000a6ea        0x8 ./startup/startup_mk22f51212.o
                0x000000000000a6ea                LPUART0_IRQHandler
 .text.UART0_RX_TX_IRQHandler
                0x000000000000a6f2        0x8 ./startup/startup_mk22f51212.o
                0x000000000000a6f2                UART0_RX_TX_IRQHandler
 .text.UART0_ERR_IRQHandler
                0x000000000000a6fa        0x8 ./startup/startup_mk22f51212.o
                0x000000000000a6fa                UART0_ERR_IRQHandler
 .text.UART1_RX_TX_IRQHandler
                0x000000000000a702        0x8 ./startup/startup_mk22f51212.o
                0x000000000000a702                UART1_RX_TX_IRQHandler
 .text.UART1_ERR_IRQHandler
                0x000000000000a70a        0x8 ./startup/startup_mk22f51212.o
                0x000000000000a70a                UART1_ERR_IRQHandler
 .text.UART2_RX_TX_IRQHandler
                0x000000000000a712        0x8 ./startup/startup_mk22f51212.o
                0x000000000000a712                UART2_RX_TX_IRQHandler
 .text.UART2_ERR_IRQHandler
                0x000000000000a71a        0x8 ./startup/startup_mk22f51212.o
                0x000000000000a71a                UART2_ERR_IRQHandler
 .text.Reserved53_IRQHandler
                0x000000000000a722        0x8 ./startup/startup_mk22f51212.o
                0x000000000000a722                Reserved53_IRQHandler
 .text.Reserved54_IRQHandler
                0x000000000000a72a        0x8 ./startup/startup_mk22f51212.o
                0x000000000000a72a                Reserved54_IRQHandler
 .text.ADC0_IRQHandler
                0x000000000000a732        0x8 ./startup/startup_mk22f51212.o
                0x000000000000a732                ADC0_IRQHandler
 .text.CMP0_IRQHandler
                0x000000000000a73a        0x8 ./startup/startup_mk22f51212.o
                0x000000000000a73a                CMP0_IRQHandler
 .text.CMP1_IRQHandler
                0x000000000000a742        0x8 ./startup/startup_mk22f51212.o
                0x000000000000a742                CMP1_IRQHandler
 .text.FTM0_IRQHandler
                0x000000000000a74a        0x8 ./startup/startup_mk22f51212.o
                0x000000000000a74a                FTM0_IRQHandler
 .text.FTM1_IRQHandler
                0x000000000000a752        0x8 ./startup/startup_mk22f51212.o
                0x000000000000a752                FTM1_IRQHandler
 .text.FTM2_IRQHandler
                0x000000000000a75a        0x8 ./startup/startup_mk22f51212.o
                0x000000000000a75a                FTM2_IRQHandler
 .text.Reserved61_IRQHandler
                0x000000000000a762        0x8 ./startup/startup_mk22f51212.o
                0x000000000000a762                Reserved61_IRQHandler
 .text.RTC_IRQHandler
                0x000000000000a76a        0x8 ./startup/startup_mk22f51212.o
                0x000000000000a76a                RTC_IRQHandler
 .text.RTC_Seconds_IRQHandler
                0x000000000000a772        0x8 ./startup/startup_mk22f51212.o
                0x000000000000a772                RTC_Seconds_IRQHandler
 .text.PIT0_IRQHandler
                0x000000000000a77a        0x8 ./startup/startup_mk22f51212.o
                0x000000000000a77a                PIT0_IRQHandler
 .text.PIT1_IRQHandler
                0x000000000000a782        0x8 ./startup/startup_mk22f51212.o
                0x000000000000a782                PIT1_IRQHandler
 .text.PIT2_IRQHandler
                0x000000000000a78a        0x8 ./startup/startup_mk22f51212.o
                0x000000000000a78a                PIT2_IRQHandler
 .text.PIT3_IRQHandler
                0x000000000000a792        0x8 ./startup/startup_mk22f51212.o
                0x000000000000a792                PIT3_IRQHandler
 .text.PDB0_IRQHandler
                0x000000000000a79a        0x8 ./startup/startup_mk22f51212.o
                0x000000000000a79a                PDB0_IRQHandler
 .text.Reserved70_IRQHandler
                0x000000000000a7a2        0x8 ./startup/startup_mk22f51212.o
                0x000000000000a7a2                Reserved70_IRQHandler
 .text.Reserved71_IRQHandler
                0x000000000000a7aa        0x8 ./startup/startup_mk22f51212.o
                0x000000000000a7aa                Reserved71_IRQHandler
 .text.DAC0_IRQHandler
                0x000000000000a7b2        0x8 ./startup/startup_mk22f51212.o
                0x000000000000a7b2                DAC0_IRQHandler
 .text.MCG_IRQHandler
                0x000000000000a7ba        0x8 ./startup/startup_mk22f51212.o
                0x000000000000a7ba                MCG_IRQHandler
 .text.LPTMR0_IRQHandler
                0x000000000000a7c2        0x8 ./startup/startup_mk22f51212.o
                0x000000000000a7c2                LPTMR0_IRQHandler
 .text.PORTA_IRQHandler
                0x000000000000a7ca        0x8 ./startup/startup_mk22f51212.o
                0x000000000000a7ca                PORTA_IRQHandler
 .text.PORTB_IRQHandler
                0x000000000000a7d2        0x8 ./startup/startup_mk22f51212.o
                0x000000000000a7d2                PORTB_IRQHandler
 .text.PORTC_IRQHandler
                0x000000000000a7da        0x8 ./startup/startup_mk22f51212.o
                0x000000000000a7da                PORTC_IRQHandler
 .text.PORTD_IRQHandler
                0x000000000000a7e2        0x8 ./startup/startup_mk22f51212.o
                0x000000000000a7e2                PORTD_IRQHandler
 .text.PORTE_IRQHandler
                0x000000000000a7ea        0x8 ./startup/startup_mk22f51212.o
                0x000000000000a7ea                PORTE_IRQHandler
 .text.SWI_IRQHandler
                0x000000000000a7f2        0x8 ./startup/startup_mk22f51212.o
                0x000000000000a7f2                SWI_IRQHandler
 .text.Reserved81_IRQHandler
                0x000000000000a7fa        0x8 ./startup/startup_mk22f51212.o
                0x000000000000a7fa                Reserved81_IRQHandler
 .text.Reserved82_IRQHandler
                0x000000000000a802        0x8 ./startup/startup_mk22f51212.o
                0x000000000000a802                Reserved82_IRQHandler
 .text.Reserved83_IRQHandler
                0x000000000000a80a        0x8 ./startup/startup_mk22f51212.o
                0x000000000000a80a                Reserved83_IRQHandler
 .text.Reserved84_IRQHandler
                0x000000000000a812        0x8 ./startup/startup_mk22f51212.o
                0x000000000000a812                Reserved84_IRQHandler
 .text.Reserved85_IRQHandler
                0x000000000000a81a        0x8 ./startup/startup_mk22f51212.o
                0x000000000000a81a                Reserved85_IRQHandler
 .text.Reserved86_IRQHandler
                0x000000000000a822        0x8 ./startup/startup_mk22f51212.o
                0x000000000000a822                Reserved86_IRQHandler
 .text.FTM3_IRQHandler
                0x000000000000a82a        0x8 ./startup/startup_mk22f51212.o
                0x000000000000a82a                FTM3_IRQHandler
 .text.DAC1_IRQHandler
                0x000000000000a832        0x8 ./startup/startup_mk22f51212.o
                0x000000000000a832                DAC1_IRQHandler
 .text.ADC1_IRQHandler
                0x000000000000a83a        0x8 ./startup/startup_mk22f51212.o
                0x000000000000a83a                ADC1_IRQHandler
 .text.CLOCK_EnableClock
                0x000000000000a842       0x34 ./sources/audio_speaker.o
 .text.EnableIRQ
                0x000000000000a876       0x2c ./sources/audio_speaker.o
 .text.GPIO_PinWrite
                0x000000000000a8a2       0x36 ./sources/audio_speaker.o
 .text.CODEC_SetFormat
                0x000000000000a8d8       0x26 ./sources/audio_speaker.o
 .text.SAI_TxClearStatusFlags
                0x000000000000a8fe       0x26 ./sources/audio_speaker.o
 .text.SAI_TxEnableInterrupts
                0x000000000000a924       0x26 ./sources/audio_speaker.o
 .text.i2c_release_bus_delay
                0x000000000000a94a       0x2a ./sources/audio_speaker.o
 .text.USB_DeviceIsrEnable
                0x000000000000a974       0x2c ./sources/audio_speaker.o
                0x000000000000a974                USB_DeviceIsrEnable
 .text.main     0x000000000000a9a0       0x26 ./sources/audio_speaker.o
                0x000000000000a9a0                main
 .text.HardFault_Handler
                0x000000000000a9c6       0x2c ./source/semihost_hardfault.o
                0x000000000000a9c6                HardFault_Handler
 .text.DisableGlobalIRQ
                0x000000000000a9f2       0x20 ./osa/usb_osa_bm.o
 .text.EnableGlobalIRQ
                0x000000000000aa12       0x1e ./osa/usb_osa_bm.o
 .text.USB_OsaEnterCritical
                0x000000000000aa30       0x1c ./osa/usb_osa_bm.o
                0x000000000000aa30                USB_OsaEnterCritical
 .text.USB_OsaExitCritical
                0x000000000000aa4c       0x16 ./osa/usb_osa_bm.o
                0x000000000000aa4c                USB_OsaExitCritical
 .text.CLOCK_EnableClock
                0x000000000000aa62       0x34 ./drivers/fsl_clock.o
 .text.CLOCK_DisableClock
                0x000000000000aa96       0x38 ./drivers/fsl_clock.o
 .text.OSC_SetExtRefClkConfig
                0x000000000000aace       0x40 ./drivers/fsl_clock.o
 .text.OSC_SetCapLoad
                0x000000000000ab0e       0x34 ./drivers/fsl_clock.o
 .text.CLOCK_GetPll0RefFreq
                0x000000000000ab42        0xe ./drivers/fsl_clock.o
 .text.CLOCK_GetFixedFreqClkFreq
                0x000000000000ab50       0x2e ./drivers/fsl_clock.o
                0x000000000000ab50                CLOCK_GetFixedFreqClkFreq
 .text.CLOCK_EnableClock
                0x000000000000ab7e       0x34 ./drivers/fsl_dmamux.o
 .text.CLOCK_EnableClock
                0x000000000000abb2       0x34 ./drivers/fsl_edma.o
 .text.EnableIRQ
                0x000000000000abe6       0x2c ./drivers/fsl_edma.o
 .text.DisableGlobalIRQ
                0x000000000000ac12       0x20 ./drivers/fsl_edma.o
 .text.EnableGlobalIRQ
                0x000000000000ac32       0x1e ./drivers/fsl_edma.o
 .text.EDMA_AbortTransfer
                0x000000000000ac50       0x6a ./drivers/fsl_edma.o
                0x000000000000ac50                EDMA_AbortTransfer
 .text.GPIO_PinWrite
                0x000000000000acba       0x36 ./drivers/fsl_gpio.o
 .text.GPIO_WritePinOutput
                0x000000000000acf0       0x22 ./drivers/fsl_gpio.o
 .text.CLOCK_EnableClock
                0x000000000000ad12       0x34 ./drivers/fsl_i2c.o
 .text.I2C_MasterClearStatusFlags
                0x000000000000ad46       0x5a ./drivers/fsl_i2c.o
 .text.I2C_CheckAndClearError
                0x000000000000ada0       0x44 ./drivers/fsl_i2c.o
 .text.I2C_MasterStart
                0x000000000000ade4       0x62 ./drivers/fsl_i2c.o
                0x000000000000ade4                I2C_MasterStart
 .text.I2C_MasterRepeatedStart
                0x000000000000ae46       0x9a ./drivers/fsl_i2c.o
                0x000000000000ae46                I2C_MasterRepeatedStart
 .text.I2C_MasterStop
                0x000000000000aee0       0x3a ./drivers/fsl_i2c.o
                0x000000000000aee0                I2C_MasterStop
 .text.I2C_MasterGetStatusFlags
                0x000000000000af1a       0x4a ./drivers/fsl_i2c.o
                0x000000000000af1a                I2C_MasterGetStatusFlags
 .text.I2C_MasterWriteBlocking
                0x000000000000af64       0xdc ./drivers/fsl_i2c.o
                0x000000000000af64                I2C_MasterWriteBlocking
 .text.I2C_MasterReadBlocking
                0x000000000000b040       0xdc ./drivers/fsl_i2c.o
                0x000000000000b040                I2C_MasterReadBlocking
 .text.CLOCK_EnableClock
                0x000000000000b11c       0x34 ./drivers/fsl_lpuart.o
 .text.CLOCK_EnableClock
                0x000000000000b150       0x34 ./drivers/fsl_sai.o
 .text.SAI_TxClearStatusFlags
                0x000000000000b184       0x26 ./drivers/fsl_sai.o
 .text.SAI_TxSetFIFOErrorContinue
                0x000000000000b1aa       0x38 ./drivers/fsl_sai.o
 .text.SAI_TxGetDefaultConfig
                0x000000000000b1e2       0x38 ./drivers/fsl_sai.o
                0x000000000000b1e2                SAI_TxGetDefaultConfig
 .text.SAI_TxReset
                0x000000000000b21a       0x46 ./drivers/fsl_sai.o
                0x000000000000b21a                SAI_TxReset
 .text.SAI_TxEnable
                0x000000000000b260       0x80 ./drivers/fsl_sai.o
                0x000000000000b260                SAI_TxEnable
 .text.SAI_TxSoftwareReset
                0x000000000000b2e0       0x2e ./drivers/fsl_sai.o
                0x000000000000b2e0                SAI_TxSoftwareReset
 .text.SAI_TxSetFormat
                0x000000000000b30e      0x182 ./drivers/fsl_sai.o
                0x000000000000b30e                SAI_TxSetFormat
 .text.SAI_TxEnableDMA
                0x000000000000b490       0x44 ./drivers/fsl_sai_edma.o
 .text.SAI_TxGetDataRegisterAddress
                0x000000000000b4d4       0x20 ./drivers/fsl_sai_edma.o
 .text.SAI_TxEDMACallback
                0x000000000000b4f4       0xa4 ./drivers/fsl_sai_edma.o
 .text.CLOCK_EnableClock
                0x000000000000b598       0x34 ./drivers/fsl_uart.o
 .text.UART0_RX_TX_DriverIRQHandler
                0x000000000000b5cc       0x10 ./drivers/fsl_uart.o
                0x000000000000b5cc                UART0_RX_TX_DriverIRQHandler
 .text.UART1_RX_TX_DriverIRQHandler
                0x000000000000b5dc       0x10 ./drivers/fsl_uart.o
                0x000000000000b5dc                UART1_RX_TX_DriverIRQHandler
 .text.UART2_RX_TX_DriverIRQHandler
                0x000000000000b5ec       0x10 ./drivers/fsl_uart.o
                0x000000000000b5ec                UART2_RX_TX_DriverIRQHandler
 .text.CODEC_I2C_WriteReg
                0x000000000000b5fc       0x5a ./codec/fsl_codec_common.o
                0x000000000000b5fc                CODEC_I2C_WriteReg
 .text.CODEC_I2C_ReadReg
                0x000000000000b656       0x66 ./codec/fsl_codec_common.o
                0x000000000000b656                CODEC_I2C_ReadReg
 .text.CODEC_Init
                0x000000000000b6bc       0x44 ./codec/fsl_codec_common.o
                0x000000000000b6bc                CODEC_Init
 .text.SGTL_Init
                0x000000000000b700      0x13a ./codec/fsl_sgtl5000.o
                0x000000000000b700                SGTL_Init
 .text.SGTL_Deinit
                0x000000000000b83a       0x42 ./codec/fsl_sgtl5000.o
                0x000000000000b83a                SGTL_Deinit
 .text.SGTL_SetMasterSlave
                0x000000000000b87c       0x38 ./codec/fsl_sgtl5000.o
                0x000000000000b87c                SGTL_SetMasterSlave
 .text.SGTL_WriteReg
                0x000000000000b8b4       0x3a ./codec/fsl_sgtl5000.o
                0x000000000000b8b4                SGTL_WriteReg
 .text.SGTL_ReadReg
                0x000000000000b8ee       0x36 ./codec/fsl_sgtl5000.o
                0x000000000000b8ee                SGTL_ReadReg
 .text.SGTL_ModifyReg
                0x000000000000b924       0x6e ./codec/fsl_sgtl5000.o
                0x000000000000b924                SGTL_ModifyReg
 .text.BOARD_I2C_Init
                0x000000000000b992       0x36 ./board/src/board.o
                0x000000000000b992                BOARD_I2C_Init
 .text.BOARD_I2C_Send
                0x000000000000b9c8       0x48 ./board/src/board.o
                0x000000000000b9c8                BOARD_I2C_Send
 .text.BOARD_I2C_Receive
                0x000000000000ba10       0x48 ./board/src/board.o
                0x000000000000ba10                BOARD_I2C_Receive
 .text.CLOCK_EnableClock
                0x000000000000ba58       0x34 ./board/src/pin_mux.o
 .text.PORT_SetPinMux
                0x000000000000ba8c       0x3a ./board/src/pin_mux.o
 .text.SystemInitHook
                0x000000000000bac6        0xe ./CMSIS/system_MK22F51212.o
                0x000000000000bac6                SystemInitHook
 .text.__main   0x000000000000bad4        0xe /usr/local/mcuxpressoide-10.2.1_795/ide/tools/bin/../lib/gcc/arm-none-eabi/7.2.1/../../../../arm-none-eabi/lib/thumb/v7e-m/fpv4-sp/hard/libcr_semihost_nf.a(_cr__main.o)
                0x000000000000bad4                __main
                0x000000000000bad4                __CR_SEMIHOST
 .text.memcpy   0x000000000000bae2        0x4 /usr/local/mcuxpressoide-10.2.1_795/ide/tools/bin/../lib/gcc/arm-none-eabi/7.2.1/../../../../arm-none-eabi/lib/thumb/v7e-m/fpv4-sp/hard/libcr_c.a(memcpy.o)
                0x000000000000bae2                memcpy
 .text.memset   0x000000000000bae6        0x4 /usr/local/mcuxpressoide-10.2.1_795/ide/tools/bin/../lib/gcc/arm-none-eabi/7.2.1/../../../../arm-none-eabi/lib/thumb/v7e-m/fpv4-sp/hard/libcr_c.a(memset.o)
                0x000000000000bae6                memset
 .text._deferredlazyseek
                0x000000000000baea       0x40 /usr/local/mcuxpressoide-10.2.1_795/ide/tools/bin/../lib/gcc/arm-none-eabi/7.2.1/../../../../arm-none-eabi/lib/thumb/v7e-m/fpv4-sp/hard/libcr_c.a(_deferredlazyseek.o)
                0x000000000000baea                _deferredlazyseek
 .text.__flsbuf
                0x000000000000bb2a      0x140 /usr/local/mcuxpressoide-10.2.1_795/ide/tools/bin/../lib/gcc/arm-none-eabi/7.2.1/../../../../arm-none-eabi/lib/thumb/v7e-m/fpv4-sp/hard/libcr_c.a(_deferredlazyseek.o)
                0x000000000000bb2a                __flsbuf
 .text._fflush  0x000000000000bc6a       0x52 /usr/local/mcuxpressoide-10.2.1_795/ide/tools/bin/../lib/gcc/arm-none-eabi/7.2.1/../../../../arm-none-eabi/lib/thumb/v7e-m/fpv4-sp/hard/libcr_c.a(_fflush.o)
                0x000000000000bc6a                _fflush
 .text.free     0x000000000000bcbc       0x30 /usr/local/mcuxpressoide-10.2.1_795/ide/tools/bin/../lib/gcc/arm-none-eabi/7.2.1/../../../../arm-none-eabi/lib/thumb/v7e-m/fpv4-sp/hard/libcr_c.a(alloc.o)
                0x000000000000bcbc                free
 .text.fputs    0x000000000000bcec       0x2c /usr/local/mcuxpressoide-10.2.1_795/ide/tools/bin/../lib/gcc/arm-none-eabi/7.2.1/../../../../arm-none-eabi/lib/thumb/v7e-m/fpv4-sp/hard/libcr_c.a(fputs.o)
                0x000000000000bcec                fputs
 .text.no_fp_display
                0x000000000000bd18        0x4 /usr/local/mcuxpressoide-10.2.1_795/ide/tools/bin/../lib/gcc/arm-none-eabi/7.2.1/../../../../arm-none-eabi/lib/thumb/v7e-m/fpv4-sp/hard/libcr_c.a(printf.o)
 .text.strlen   0x000000000000bd1c       0x4a /usr/local/mcuxpressoide-10.2.1_795/ide/tools/bin/../lib/gcc/arm-none-eabi/7.2.1/../../../../arm-none-eabi/lib/thumb/v7e-m/fpv4-sp/hard/libcr_c.a(strlen.o)
                0x000000000000bd1c                strlen
 .text._fdopen  0x000000000000bd66       0x68 /usr/local/mcuxpressoide-10.2.1_795/ide/tools/bin/../lib/gcc/arm-none-eabi/7.2.1/../../../../arm-none-eabi/lib/thumb/v7e-m/fpv4-sp/hard/libcr_c.a(_fdopen.o)
                0x000000000000bd66                _fdopen
 .text.fclose   0x000000000000bdce       0x58 /usr/local/mcuxpressoide-10.2.1_795/ide/tools/bin/../lib/gcc/arm-none-eabi/7.2.1/../../../../arm-none-eabi/lib/thumb/v7e-m/fpv4-sp/hard/libcr_c.a(fclose.o)
                0x000000000000bdce                fclose
 .text.remove   0x000000000000be26       0x14 /usr/local/mcuxpressoide-10.2.1_795/ide/tools/bin/../lib/gcc/arm-none-eabi/7.2.1/../../../../arm-none-eabi/lib/thumb/v7e-m/fpv4-sp/hard/libcr_c.a(remove.o)
                0x000000000000be26                remove
 .text._do_fflush
                0x000000000000be3a       0x40 /usr/local/mcuxpressoide-10.2.1_795/ide/tools/bin/../lib/gcc/arm-none-eabi/7.2.1/../../../../arm-none-eabi/lib/thumb/v7e-m/fpv4-sp/hard/libcr_c.a(_do_fflush.o)
                0x000000000000be3a                _do_fflush
 .text.__aeabi_memcpy
                0x000000000000be7a       0x34 /usr/local/mcuxpressoide-10.2.1_795/ide/tools/bin/../lib/gcc/arm-none-eabi/7.2.1/thumb/v7e-m/fpv4-sp/hard/libcr_eabihelpers.a(memcpy.o)
                0x000000000000be7a                __aeabi_memcpy
                0x000000000000be84                __aeabi_memcpy4
                0x000000000000be84                __aeabi_memcpy8
 .text.__aeabi_memset_lowlevel
                0x000000000000beae       0x32 /usr/local/mcuxpressoide-10.2.1_795/ide/tools/bin/../lib/gcc/arm-none-eabi/7.2.1/thumb/v7e-m/fpv4-sp/hard/libcr_eabihelpers.a(memcpy.o)
                0x000000000000beae                __aeabi_lowlevel_memset
 .text.__sys_close
                0x000000000000bee0        0xc /usr/local/mcuxpressoide-10.2.1_795/ide/tools/bin/../lib/gcc/arm-none-eabi/7.2.1/../../../../arm-none-eabi/lib/thumb/v7e-m/fpv4-sp/hard/libcr_semihost_nf.a(__sys_close.o)
                0x000000000000bee0                __sys_close
 .text.__sys_flen
                0x000000000000beec        0xc /usr/local/mcuxpressoide-10.2.1_795/ide/tools/bin/../lib/gcc/arm-none-eabi/7.2.1/../../../../arm-none-eabi/lib/thumb/v7e-m/fpv4-sp/hard/libcr_semihost_nf.a(__sys_flen.o)
                0x000000000000beec                __sys_flen
 .text.__sys_istty
                0x000000000000bef8        0xc /usr/local/mcuxpressoide-10.2.1_795/ide/tools/bin/../lib/gcc/arm-none-eabi/7.2.1/../../../../arm-none-eabi/lib/thumb/v7e-m/fpv4-sp/hard/libcr_semihost_nf.a(__sys_istty.o)
                0x000000000000bef8                __sys_istty
 .text.__sys_remove
                0x000000000000bf04        0xc /usr/local/mcuxpressoide-10.2.1_795/ide/tools/bin/../lib/gcc/arm-none-eabi/7.2.1/../../../../arm-none-eabi/lib/thumb/v7e-m/fpv4-sp/hard/libcr_semihost_nf.a(__sys_remove.o)
                0x000000000000bf04                __sys_remove
 .text.__sys_seek
                0x000000000000bf10        0xc /usr/local/mcuxpressoide-10.2.1_795/ide/tools/bin/../lib/gcc/arm-none-eabi/7.2.1/../../../../arm-none-eabi/lib/thumb/v7e-m/fpv4-sp/hard/libcr_semihost_nf.a(__sys_seek.o)
                0x000000000000bf10                __sys_seek
 .text.__sys_tmpnam
                0x000000000000bf1c        0xc /usr/local/mcuxpressoide-10.2.1_795/ide/tools/bin/../lib/gcc/arm-none-eabi/7.2.1/../../../../arm-none-eabi/lib/thumb/v7e-m/fpv4-sp/hard/libcr_semihost_nf.a(__sys_tmpnam.o)
                0x000000000000bf1c                __sys_tmpnam
 .text.__sys_write
                0x000000000000bf28        0xc /usr/local/mcuxpressoide-10.2.1_795/ide/tools/bin/../lib/gcc/arm-none-eabi/7.2.1/../../../../arm-none-eabi/lib/thumb/v7e-m/fpv4-sp/hard/libcr_semihost_nf.a(__sys_write.o)
                0x000000000000bf28                __sys_write
 *(SORT_BY_ALIGNMENT(.rodata) SORT_BY_ALIGNMENT(.rodata.*) SORT_BY_ALIGNMENT(.constdata) SORT_BY_ALIGNMENT(.constdata.*))
 .rodata        0x000000000000bf34       0x50 ./utilities/fsl_debug_console.o
 .rodata        0x000000000000bf84       0x27 ./utilities/fsl_io.o
 *fill*         0x000000000000bfab        0x1 ff
 .rodata.s_UsbDeviceStandardRequest
                0x000000000000bfac       0x34 ./usb/device/source/usb_device_ch9.o
 .rodata.s_UsbDeviceKhciInterface
                0x000000000000bfe0       0x18 ./usb/device/source/usb_device_dci.o
 .rodata.s_UsbDeviceClassInterfaceMap
                0x000000000000bff8       0x20 ./usb/device/class/usb_device_class.o
 .rodata        0x000000000000c018      0x136 ./sources/audio_speaker.o
 *fill*         0x000000000000c14e        0x2 ff
 .rodata        0x000000000000c150      0x175 ./drivers/fsl_clock.o
 *fill*         0x000000000000c2c5        0x3 ff
 .rodata.fllFactorTable.7490
                0x000000000000c2c8       0x10 ./drivers/fsl_clock.o
 .rodata        0x000000000000c2d8       0x42 ./drivers/fsl_dmamux.o
 *fill*         0x000000000000c31a        0x2 ff
 .rodata.s_edmaIRQNumber
                0x000000000000c31c       0x10 ./drivers/fsl_edma.o
 .rodata        0x000000000000c32c      0xbf3 ./drivers/fsl_edma.o
 *fill*         0x000000000000cf1f        0x1 ff
 .rodata        0x000000000000cf20       0x63 ./drivers/fsl_gpio.o
 *fill*         0x000000000000cf83        0x1 ff
 .rodata.s_i2cBases
                0x000000000000cf84        0x8 ./drivers/fsl_i2c.o
                0x000000000000cf84                s_i2cBases
 .rodata.s_i2cDividerTable
                0x000000000000cf8c       0x80 ./drivers/fsl_i2c.o
 .rodata.s_i2cClocks
                0x000000000000d00c        0x8 ./drivers/fsl_i2c.o
 .rodata        0x000000000000d014      0x2fa ./drivers/fsl_i2c.o
 *fill*         0x000000000000d30e        0x2 ff
 .rodata        0x000000000000d310      0x4da ./drivers/fsl_lpuart.o
 *fill*         0x000000000000d7ea        0x2 ff
 .rodata        0x000000000000d7ec      0x296 ./drivers/fsl_sai.o
 *fill*         0x000000000000da82        0x2 ff
 .rodata        0x000000000000da84      0x263 ./drivers/fsl_sai_edma.o
 *fill*         0x000000000000dce7        0x1 ff
 .rodata.s_uartBases
                0x000000000000dce8        0xc ./drivers/fsl_uart.o
 .rodata.s_uartClock
                0x000000000000dcf4        0xc ./drivers/fsl_uart.o
 .rodata        0x000000000000dd00      0x513 ./drivers/fsl_uart.o
 *fill*         0x000000000000e213        0x1 ff
 .rodata.mcgConfig_BOARD_BootClockRUN
                0x000000000000e214        0xb ./board/src/clock_config.o
                0x000000000000e214                mcgConfig_BOARD_BootClockRUN
 *fill*         0x000000000000e21f        0x1 ff
 .rodata.simConfig_BOARD_BootClockRUN
                0x000000000000e220        0x8 ./board/src/clock_config.o
                0x000000000000e220                simConfig_BOARD_BootClockRUN
 .rodata.oscConfig_BOARD_BootClockRUN
                0x000000000000e228        0x8 ./board/src/clock_config.o
                0x000000000000e228                oscConfig_BOARD_BootClockRUN
 .rodata        0x000000000000e230       0x23 ./board/src/pin_mux.o
 *fill*         0x000000000000e253        0x1 ff
 .rodata.__num_Ciob_streams
                0x000000000000e254        0x4 /usr/local/mcuxpressoide-10.2.1_795/ide/tools/bin/../lib/gcc/arm-none-eabi/7.2.1/../../../../arm-none-eabi/lib/thumb/v7e-m/fpv4-sp/hard/libcr_semihost_nf.a(__ciob.o)
                0x000000000000e254                __num_Ciob_streams
 .rodata.__assertion_failed.str1.1
                0x000000000000e258       0x15 /usr/local/mcuxpressoide-10.2.1_795/ide/tools/bin/../lib/gcc/arm-none-eabi/7.2.1/../../../../arm-none-eabi/lib/thumb/v7e-m/fpv4-sp/hard/libcr_semihost_nf.a(_cr_assert.o)
 .rodata._Csys_alloc.str1.1
                0x000000000000e26d       0x18 /usr/local/mcuxpressoide-10.2.1_795/ide/tools/bin/../lib/gcc/arm-none-eabi/7.2.1/../../../../arm-none-eabi/lib/thumb/v7e-m/fpv4-sp/hard/libcr_c.a(alloc.o)
 .rodata._initio.str1.1
                0x000000000000e285        0x4 /usr/local/mcuxpressoide-10.2.1_795/ide/tools/bin/../lib/gcc/arm-none-eabi/7.2.1/../../../../arm-none-eabi/lib/thumb/v7e-m/fpv4-sp/hard/libcr_c.a(initio.o)
 .rodata.__vfprintf.str1.1
                0x000000000000e289       0x35 /usr/local/mcuxpressoide-10.2.1_795/ide/tools/bin/../lib/gcc/arm-none-eabi/7.2.1/../../../../arm-none-eabi/lib/thumb/v7e-m/fpv4-sp/hard/libcr_c.a(printf.o)
                                         0x38 (size before relaxing)
                0x000000000000e2c0                . = ALIGN (0x4)
 *fill*         0x000000000000e2be        0x2 ff

.glue_7         0x000000000000e2c0        0x0
 .glue_7        0x000000000000e2c0        0x0 linker stubs

.glue_7t        0x000000000000e2c0        0x0
 .glue_7t       0x000000000000e2c0        0x0 linker stubs

.vfp11_veneer   0x000000000000e2c0        0x0
 .vfp11_veneer  0x000000000000e2c0        0x0 linker stubs

.v4_bx          0x000000000000e2c0        0x0
 .v4_bx         0x000000000000e2c0        0x0 linker stubs

.iplt           0x000000000000e2c0        0x0
 .iplt          0x000000000000e2c0        0x0 ./utilities/fsl_debug_console.o

.rel.dyn        0x000000000000e2c0        0x0
 .rel.iplt      0x000000000000e2c0        0x0 ./utilities/fsl_debug_console.o

.ARM.extab
 *(SORT_BY_ALIGNMENT(.ARM.extab*) SORT_BY_ALIGNMENT(.gnu.linkonce.armextab.*))
                0x000000000000e2c0                __exidx_start = .

.ARM.exidx
 *(SORT_BY_ALIGNMENT(.ARM.exidx*) SORT_BY_ALIGNMENT(.gnu.linkonce.armexidx.*))
                0x000000000000e2c0                __exidx_end = .
                0x000000000000e2c0                _etext = .

.m_usb_data
 *(SORT_BY_ALIGNMENT(m_usb_bdt))

.data_RAM2      0x000000001fff0000        0x0 load address 0x000000000000e2c0
 FILL mask 0xff
                [!provide]                        PROVIDE (__start_data_RAM2, .)
 *(SORT_BY_ALIGNMENT(.ramfunc.$RAM2))
 *(SORT_BY_ALIGNMENT(.ramfunc.$SRAM_LOWER))
 *(SORT_BY_ALIGNMENT(.data.$RAM2*))
 *(SORT_BY_ALIGNMENT(.data.$SRAM_LOWER*))
                0x000000001fff0000                . = ALIGN (0x4)
                [!provide]                        PROVIDE (__end_data_RAM2, .)

.uninit_RESERVED
                0x0000000020000000        0x0
 *(SORT_BY_ALIGNMENT(.bss.$RESERVED*))
                0x0000000020000000                . = ALIGN (0x4)
                0x0000000020000000                _end_uninit_RESERVED = .

.data           0x0000000020000000      0x23c load address 0x000000000000e2c0
 FILL mask 0xff
                0x0000000020000000                _data = .
 *(SORT_BY_ALIGNMENT(vtable))
 *(SORT_BY_ALIGNMENT(.ramfunc*))
 *(SORT_BY_ALIGNMENT(.data*))
 .data.g_UsbDeviceAudioSpeaker
                0x0000000020000000       0x74 ./sources/audio_speaker.o
                0x0000000020000000                g_UsbDeviceAudioSpeaker
 .data.s_audioConfig
                0x0000000020000074        0xc ./sources/audio_speaker.o
 .data.s_audioConfigList
                0x0000000020000080        0xc ./sources/audio_speaker.o
 .data.g_UsbDeviceAudioSpeakerEndpoints
                0x000000002000008c        0x8 ./sources/usb_device_descriptor.o
                0x000000002000008c                g_UsbDeviceAudioSpeakerEndpoints
 .data.g_UsbDeviceAudioControlEndpoints
                0x0000000020000094        0x4 ./sources/usb_device_descriptor.o
                0x0000000020000094                g_UsbDeviceAudioControlEndpoints
 .data.g_UsbDeviceAudioEntity
                0x0000000020000098        0xc ./sources/usb_device_descriptor.o
                0x0000000020000098                g_UsbDeviceAudioEntity
 .data.g_UsbDeviceAudioEntities
                0x00000000200000a4        0x8 ./sources/usb_device_descriptor.o
                0x00000000200000a4                g_UsbDeviceAudioEntities
 .data.g_UsbDeviceAudioControInterface
                0x00000000200000ac       0x10 ./sources/usb_device_descriptor.o
                0x00000000200000ac                g_UsbDeviceAudioControInterface
 .data.g_UsbDeviceAudioStreamInterface
                0x00000000200000bc       0x20 ./sources/usb_device_descriptor.o
                0x00000000200000bc                g_UsbDeviceAudioStreamInterface
 .data.g_UsbDeviceAudioInterfaces
                0x00000000200000dc       0x18 ./sources/usb_device_descriptor.o
                0x00000000200000dc                g_UsbDeviceAudioInterfaces
 .data.g_UsbDeviceAudioInterfaceList
                0x00000000200000f4        0x8 ./sources/usb_device_descriptor.o
                0x00000000200000f4                g_UsbDeviceAudioInterfaceList
 .data.g_UsbDeviceAudioClass
                0x00000000200000fc        0x8 ./sources/usb_device_descriptor.o
                0x00000000200000fc                g_UsbDeviceAudioClass
 .data.g_UsbDeviceDescriptor
                0x0000000020000104       0x12 ./sources/usb_device_descriptor.o
                0x0000000020000104                g_UsbDeviceDescriptor
 *fill*         0x0000000020000116        0x2 ff
 .data.g_UsbDeviceConfigurationDescriptor
                0x0000000020000118       0x80 ./sources/usb_device_descriptor.o
                0x0000000020000118                g_UsbDeviceConfigurationDescriptor
 .data.g_UsbDeviceString0
                0x0000000020000198        0x4 ./sources/usb_device_descriptor.o
                0x0000000020000198                g_UsbDeviceString0
 .data.g_UsbDeviceString1
                0x000000002000019c       0x26 ./sources/usb_device_descriptor.o
                0x000000002000019c                g_UsbDeviceString1
 *fill*         0x00000000200001c2        0x2 ff
 .data.g_UsbDeviceString2
                0x00000000200001c4       0x1e ./sources/usb_device_descriptor.o
                0x00000000200001c4                g_UsbDeviceString2
 *fill*         0x00000000200001e2        0x2 ff
 .data.g_UsbDeviceStringDescriptorLength
                0x00000000200001e4        0xc ./sources/usb_device_descriptor.o
                0x00000000200001e4                g_UsbDeviceStringDescriptorLength
 .data.g_UsbDeviceStringDescriptorArray
                0x00000000200001f0        0xc ./sources/usb_device_descriptor.o
                0x00000000200001f0                g_UsbDeviceStringDescriptorArray
 .data.g_UsbDeviceLanguage
                0x00000000200001fc        0xc ./sources/usb_device_descriptor.o
                0x00000000200001fc                g_UsbDeviceLanguage
 .data.g_UsbDeviceLanguageList
                0x0000000020000208       0x10 ./sources/usb_device_descriptor.o
                0x0000000020000208                g_UsbDeviceLanguageList
 .data.s_slowIrcFreq
                0x0000000020000218        0x4 ./drivers/fsl_clock.o
 .data.s_fastIrcFreq
                0x000000002000021c        0x4 ./drivers/fsl_clock.o
 .data.boardCodecConfig
                0x0000000020000220       0x18 ./board/src/board.o
                0x0000000020000220                boardCodecConfig
 .data.SystemCoreClock
                0x0000000020000238        0x4 ./CMSIS/system_MK22F51212.o
                0x0000000020000238                SystemCoreClock
                0x000000002000023c                . = ALIGN (0x4)
                0x000000002000023c                _edata = .

.igot.plt       0x000000002000023c        0x0 load address 0x000000000000e4fc
 .igot.plt      0x000000002000023c        0x0 ./utilities/fsl_debug_console.o

.bss_RAM2       0x000000001fff0000        0x0
                [!provide]                        PROVIDE (__start_bss_RAM2, .)
 *(SORT_BY_ALIGNMENT(.bss.$RAM2*))
 *(SORT_BY_ALIGNMENT(.bss.$SRAM_LOWER*))
                0x000000001fff0000                . = ALIGN ((. != 0x0)?0x4:0x1)
                [!provide]                        PROVIDE (__end_bss_RAM2, .)

.bss            0x0000000020000400     0x1fa0
                0x0000000020000400                _bss = .
 *(SORT_BY_ALIGNMENT(.bss*))
 .bss.m_usb_bdt
                0x0000000020000400      0x200 ./usb/device/source/khci/usb_device_khci.o
 .bss.s_debugConsoleIO
                0x0000000020000600        0x8 ./utilities/fsl_io.o
 .bss.m_usb_global
                0x0000000020000608       0xe4 ./usb/device/source/khci/usb_device_khci.o
 .bss.m_usb_global
                0x00000000200006ec       0x70 ./usb/device/source/usb_device_dci.o
 .bss.m_usb_global
                0x000000002000075c       0x18 ./usb/device/class/audio/usb_device_audio.o
 .bss.m_usb_global
                0x0000000020000774       0x18 ./usb/device/class/usb_device_class.o
 .bss.saiTxConfig
                0x000000002000078c        0x6 ./sources/audio_speaker.o
                0x000000002000078c                saiTxConfig
 *fill*         0x0000000020000792        0x2 
 .bss.audioFormat
                0x0000000020000794       0x14 ./sources/audio_speaker.o
                0x0000000020000794                audioFormat
 .bss.txHandle  0x00000000200007a8       0xe8 ./sources/audio_speaker.o
                0x00000000200007a8                txHandle
 .bss.dmaTxHandle
                0x0000000020000890       0x18 ./sources/audio_speaker.o
                0x0000000020000890                dmaTxHandle
 .bss.audioPlayDMATempBuff
                0x00000000200008a8       0xc0 ./sources/audio_speaker.o
 .bss.codecHandle
                0x0000000020000968       0x18 ./sources/audio_speaker.o
                0x0000000020000968                codecHandle
 .bss.audioPlayDataBuff
                0x0000000020000980     0x1800 ./sources/audio_speaker.o
                0x0000000020000980                audioPlayDataBuff
 .bss.audioPlayPacket
                0x0000000020002180       0xc4 ./sources/audio_speaker.o
                0x0000000020002180                audioPlayPacket
 .bss.audioFeedBackBuffer
                0x0000000020002244        0x3 ./sources/audio_speaker.o
                0x0000000020002244                audioFeedBackBuffer
 *fill*         0x0000000020002247        0x1 
 .bss.originFeedbackValue.9452
                0x0000000020002248        0x4 ./sources/audio_speaker.o
 .bss.feedbackValue.9451
                0x000000002000224c        0x4 ./sources/audio_speaker.o
 .bss.g_xtal0Freq
                0x0000000020002250        0x4 ./drivers/fsl_clock.o
                0x0000000020002250                g_xtal0Freq
 .bss.g_xtal32Freq
                0x0000000020002254        0x4 ./drivers/fsl_clock.o
                0x0000000020002254                g_xtal32Freq
 .bss.s_EDMAHandle
                0x0000000020002258       0x40 ./drivers/fsl_edma.o
 .bss.s_i2cHandle
                0x0000000020002298        0x8 ./drivers/fsl_i2c.o
 .bss.s_i2cMasterIsr
                0x00000000200022a0        0x4 ./drivers/fsl_i2c.o
 .bss.s_i2cSlaveIsr
                0x00000000200022a4        0x4 ./drivers/fsl_i2c.o
 .bss.s_lpuartHandle
                0x00000000200022a8        0x4 ./drivers/fsl_lpuart.o
 .bss.s_lpuartIsr
                0x00000000200022ac        0x4 ./drivers/fsl_lpuart.o
 .bss.s_saiHandle
                0x00000000200022b0        0x8 ./drivers/fsl_sai.o
 .bss.s_saiRxIsr
                0x00000000200022b8        0x4 ./drivers/fsl_sai.o
 .bss.s_edmaPrivateHandle
                0x00000000200022bc       0x10 ./drivers/fsl_sai_edma.o
 .bss.s_uartHandle
                0x00000000200022cc        0xc ./drivers/fsl_uart.o
 .bss.s_uartIsr
                0x00000000200022d8        0x4 ./drivers/fsl_uart.o
 .bss.__Ciob    0x00000000200022dc       0xb4 /usr/local/mcuxpressoide-10.2.1_795/ide/tools/bin/../lib/gcc/arm-none-eabi/7.2.1/../../../../arm-none-eabi/lib/thumb/v7e-m/fpv4-sp/hard/libcr_semihost_nf.a(__ciob.o)
                0x00000000200022dc                __Ciob
 .bss.__end_of_heap
                0x0000000020002390        0x4 /usr/local/mcuxpressoide-10.2.1_795/ide/tools/bin/../lib/gcc/arm-none-eabi/7.2.1/../../../../arm-none-eabi/lib/thumb/v7e-m/fpv4-sp/hard/libcr_c.a(__init_alloc.o)
                0x0000000020002390                __end_of_heap
 .bss.__heaps   0x0000000020002394        0x4 /usr/local/mcuxpressoide-10.2.1_795/ide/tools/bin/../lib/gcc/arm-none-eabi/7.2.1/../../../../arm-none-eabi/lib/thumb/v7e-m/fpv4-sp/hard/libcr_c.a(__init_alloc.o)
                0x0000000020002394                __heaps
 .bss.errno     0x0000000020002398        0x4 /usr/local/mcuxpressoide-10.2.1_795/ide/tools/bin/../lib/gcc/arm-none-eabi/7.2.1/../../../../arm-none-eabi/lib/thumb/v7e-m/fpv4-sp/hard/libcr_c.a(errno.o)